
Hexadecimal

Area                               Addr   Size   Decimal Bytes (Attributes)
--------------------------------   ----   ----   ------- ----- ------------
CABS                               0000   0000 =      0. bytes (ABS,CON,CODE)

      Value  Global
   --------  --------------------------------
  0C:0000    l_CABS
  0C:0000    l_CONST
  0C:0000    l_GSINIT1
  0C:0000    l_GSINIT5
  0C:0000    l_IABS
  0C:0000    l_ISEG
  0C:0000    l_PSEG
  0C:0000    l_REG_BANK_1
  0C:0000    l_REG_BANK_2
  0C:0000    l_REG_BANK_3
  0C:0000    l_RSEG
  0C:0000    l_XABS
  0C:0000    l_XINIT
  0C:0000    l_XISEG
  0C:0000    l__CODE
  0C:0000    s_BSEG
  0C:0000    s_CABS
  0C:0000    s_DSEG
  0C:0000    s_HOME
  0C:0000    s_IABS
  0C:0000    s_ISEG
  0C:0000    s_REG_BANK_0
  0C:0000    s_XABS
  0C:0001    l_BIT_BANK
  0C:0002    l_BSEG_BYTES
  0C:0003    l_GSFINAL
  0C:0003    l_GSINIT0
  0C:0006    l_OSEG
  0C:0008    l_REG_BANK_0
  0C:0008    s_REG_BANK_1
  0C:000A    l_GSINIT2
  0C:000B    l_BSEG
  0C:0010    s_REG_BANK_2
  0C:0018    s_REG_BANK_3
  0C:0020    s_BSEG_BYTES
  0C:0020    s__CODE
  0C:0022    s_BIT_BANK
  0C:0024    l_GSINIT3
  0C:0030    l_GSINIT4
  0C:003E    l_startup_code
  0C:005B    l_HOME
  0C:005B    s_GSINIT0
  0C:005E    s_GSINIT1
  0C:005E    s_GSINIT2
  0C:0063    l_GSINIT
  0C:0068    s_GSINIT3
  0C:0074    s_OSEG
  0C:0078    l_DSEG
  0C:0080    l_SSEG
  0C:0080    s_RSEG
  0C:0080    s_SSEG
  0C:008C    s_GSINIT4
  0C:00BC    s_GSINIT
  0C:00BC    s_GSINIT5
  0C:0100    l_IRAM
  0C:011F    s_GSFINAL
  0C:0122    s_CSEG
  0C:04E8    l_XSEG
  0C:1CDF    l_CSEG
  0C:1E01    s_CONST
  0C:1E01    s_XINIT
  0C:1E01    s_startup_code
  0C:F000    s_XSEG
  0C:F4E8    s_XISEG



Hexadecimal

Area                               Addr   Size   Decimal Bytes (Attributes)
--------------------------------   ----   ----   ------- ----- ------------
.  .ABS.                           0000   0000 =      0. bytes (ABS,CON)

      Value  Global
   --------  --------------------------------
     0080    G$P0_0$0$0
     0080    G$P0_ALTSEL0$0$0
     0080    G$P0_DATA$0$0
     0080    G$P0_OD$0$0
     0080    G$P0_PUDSEL$0$0
     0080    _P0_0
     0080    _P0_ALTSEL0
     0080    _P0_DATA
     0080    _P0_OD
     0080    _P0_PUDSEL
     0081    G$P0_1$0$0
     0081    G$SP$0$0
     0081    _P0_1
     0081    _SP
     0082    G$DPL$0$0
     0082    G$P0_2$0$0
     0082    _DPL
     0082    _P0_2
     0083    G$DPH$0$0
     0083    G$P0_3$0$0
     0083    _DPH
     0083    _P0_3
     0084    G$P0_4$0$0
     0084    _P0_4
     0085    G$P0_5$0$0
     0085    _P0_5
     0086    G$P0_ALTSEL1$0$0
     0086    G$P0_DIR$0$0
     0086    G$P0_PUDEN$0$0
     0086    _P0_ALTSEL1
     0086    _P0_DIR
     0086    _P0_PUDEN
     0087    G$P0_7$0$0
     0087    G$PCON$0$0
     0087    _P0_7
     0087    _PCON
     0088    G$IT0$0$0
     0088    G$TCON$0$0
     0088    _IT0
     0088    _TCON
     0089    G$IE0$0$0
     0089    G$TMOD$0$0
     0089    _IE0
     0089    _TMOD
     008A    G$IT1$0$0
     008A    G$TL0$0$0
     008A    _IT1
     008A    _TL0
     008B    G$IE1$0$0
     008B    G$TL1$0$0
     008B    _IE1
     008B    _TL1
     008C    G$TH0$0$0
     008C    G$TR0$0$0
     008C    _TH0
     008C    _TR0
     008D    G$TF0$0$0
     008D    G$TH1$0$0
     008D    _TF0
     008D    _TH1
     008E    G$TR1$0$0
     008E    _TR1
     008F    G$SYSCON0$0$0
     008F    G$TF1$0$0
     008F    _SYSCON0
     008F    _TF1
     0090    G$P1_0$0$0
     0090    G$P1_ALTSEL0$0$0
     0090    G$P1_DATA$0$0
     0090    G$P1_OD$0$0
     0090    G$P1_PUDSEL$0$0
     0090    _P1_0
     0090    _P1_ALTSEL0
     0090    _P1_DATA
     0090    _P1_OD
     0090    _P1_PUDSEL
     0091    G$P1_1$0$0
     0091    G$P1_ALTSEL1$0$0
     0091    G$P1_DIR$0$0
     0091    G$P1_PUDEN$0$0
     0091    _P1_1
     0091    _P1_ALTSEL1
     0091    _P1_DIR
     0091    _P1_PUDEN
     0092    G$P1_2$0$0
     0092    G$P5_ALTSEL0$0$0
     0092    G$P5_DATA$0$0
     0092    G$P5_OD$0$0
     0092    G$P5_PUDSEL$0$0
     0092    _P1_2
     0092    _P5_ALTSEL0
     0092    _P5_DATA
     0092    _P5_OD
     0092    _P5_PUDSEL
     0093    G$P1_3$0$0
     0093    G$P5_ALTSEL1$0$0
     0093    G$P5_DIR$0$0
     0093    G$P5_PUDEN$0$0
     0093    _P1_3
     0093    _P5_ALTSEL1
     0093    _P5_DIR
     0093    _P5_PUDEN
     0094    G$P1_4$0$0
     0094    _P1_4
     0095    G$P1_5$0$0
     0095    _P1_5
     0096    G$P1_6$0$0
     0096    _P1_6
     0097    G$P1_7$0$0
     0097    _P1_7
     0098    G$RI$0$0
     0098    G$SCON$0$0
     0098    _RI
     0098    _SCON
     0099    G$SBUF$0$0
     0099    G$TI$0$0
     0099    _SBUF
     0099    _TI
     009A    G$CCU6_CC63RL$0$0
     009A    G$CCU6_CC63SRL$0$0
     009A    G$CCU6_MCMOUTL$0$0
     009A    G$CCU6_T12MSELL$0$0
     009A    G$CD_CORDXL$0$0
     009A    G$RB8$0$0
     009A    _CCU6_CC63RL
     009A    _CCU6_CC63SRL
     009A    _CCU6_MCMOUTL
     009A    _CCU6_T12MSELL
     009A    _CD_CORDXL
     009A    _RB8
     009B    G$CCU6_CC63RH$0$0
     009B    G$CCU6_CC63SRH$0$0
     009B    G$CCU6_MCMOUTH$0$0
     009B    G$CCU6_T12MSELH$0$0
     009B    G$CD_CORDXH$0$0
     009B    G$TB8$0$0
     009B    _CCU6_CC63RH
     009B    _CCU6_CC63SRH
     009B    _CCU6_MCMOUTH
     009B    _CCU6_T12MSELH
     009B    _CD_CORDXH
     009B    _TB8
     009C    G$CCU6_IENL$0$0
     009C    G$CCU6_ISL$0$0
     009C    G$CCU6_T12PRL$0$0
     009C    G$CCU6_TCTR4L$0$0
     009C    G$CD_CORDYL$0$0
     009C    G$REN$0$0
     009C    _CCU6_IENL
     009C    _CCU6_ISL
     009C    _CCU6_T12PRL
     009C    _CCU6_TCTR4L
     009C    _CD_CORDYL
     009C    _REN
     009D    G$CCU6_IENH$0$0
     009D    G$CCU6_ISH$0$0
     009D    G$CCU6_T12PRH$0$0
     009D    G$CCU6_TCTR4H$0$0
     009D    G$CD_CORDYH$0$0
     009D    G$SM2$0$0
     009D    _CCU6_IENH
     009D    _CCU6_ISH
     009D    _CCU6_T12PRH
     009D    _CCU6_TCTR4H
     009D    _CD_CORDYH
     009D    _SM2
     009E    G$CCU6_INPL$0$0
     009E    G$CCU6_MCMOUTSL$0$0
     009E    G$CCU6_PISEL0L$0$0
     009E    G$CCU6_T13PRL$0$0
     009E    G$CD_CORDZL$0$0
     009E    G$SM1$0$0
     009E    _CCU6_INPL
     009E    _CCU6_MCMOUTSL
     009E    _CCU6_PISEL0L
     009E    _CCU6_T13PRL
     009E    _CD_CORDZL
     009E    _SM1
     009F    G$CCU6_INPH$0$0
     009F    G$CCU6_MCMOUTSH$0$0
     009F    G$CCU6_PISEL0H$0$0
     009F    G$CCU6_T13PRH$0$0
     009F    G$CD_CORDZH$0$0
     009F    G$SM0$0$0
     009F    _CCU6_INPH
     009F    _CCU6_MCMOUTSH
     009F    _CCU6_PISEL0H
     009F    _CCU6_T13PRH
     009F    _CD_CORDZH
     009F    _SM0
     00A0    G$CD_BSY$0$0
     00A0    G$CD_STATC$0$0
     00A0    G$P2_0$0$0
     00A0    G$P2_DATA$0$0
     00A0    G$P2_PUDSEL$0$0
     00A0    _CD_BSY
     00A0    _CD_STATC
     00A0    _P2_0
     00A0    _P2_DATA
     00A0    _P2_PUDSEL
     00A1    G$CD_CON$0$0
     00A1    G$ERROR$0$0
     00A1    G$P2_1$0$0
     00A1    G$P2_DIR$0$0
     00A1    G$P2_PUDEN$0$0
     00A1    _CD_CON
     00A1    _ERROR
     00A1    _P2_1
     00A1    _P2_DIR
     00A1    _P2_PUDEN
     00A2    G$EO$0$0
     00A2    G$EOC$0$0
     00A2    G$P2_2$0$0
     00A2    _EO
     00A2    _EOC
     00A2    _P2_2
     00A3    G$CCU6_PAGE$0$0
     00A3    G$INT_EN$0$0
     00A3    G$P2_3$0$0
     00A3    _CCU6_PAGE
     00A3    _INT_EN
     00A3    _P2_3
     00A4    G$CCU6_ISRL$0$0
     00A4    G$CCU6_ISSL$0$0
     00A4    G$CCU6_PISEL2$0$0
     00A4    G$CCU6_T12DTCL$0$0
     00A4    G$DMAP$0$0
     00A4    G$P2_4$0$0
     00A4    _CCU6_ISRL
     00A4    _CCU6_ISSL
     00A4    _CCU6_PISEL2
     00A4    _CCU6_T12DTCL
     00A4    _DMAP
     00A4    _P2_4
     00A5    G$CCU6_ISRH$0$0
     00A5    G$CCU6_ISSH$0$0
     00A5    G$CCU6_T12DTCH$0$0
     00A5    G$KEEPX$0$0
     00A5    G$P2_5$0$0
     00A5    _CCU6_ISRH
     00A5    _CCU6_ISSH
     00A5    _CCU6_T12DTCH
     00A5    _KEEPX
     00A5    _P2_5
     00A6    G$CCU6_CMPMODIFL$0$0
     00A6    G$CCU6_PSLR$0$0
     00A6    G$CCU6_TCTR0L$0$0
     00A6    G$KEEPY$0$0
     00A6    G$P2_6$0$0
     00A6    _CCU6_CMPMODIFL
     00A6    _CCU6_PSLR
     00A6    _CCU6_TCTR0L
     00A6    _KEEPY
     00A6    _P2_6
     00A7    G$CCU6_CMPMODIFH$0$0
     00A7    G$CCU6_MCMCTR$0$0
     00A7    G$CCU6_TCTR0H$0$0
     00A7    G$KEEPZ$0$0
     00A7    G$P2_7$0$0
     00A7    _CCU6_CMPMODIFH
     00A7    _CCU6_MCMCTR
     00A7    _CCU6_TCTR0H
     00A7    _KEEPZ
     00A7    _P2_7
     00A8    G$EX0$0$0
     00A8    G$IEN0$0$0
     00A8    _EX0
     00A8    _IEN0
     00A9    G$ET0$0$0
     00A9    G$SSC_PISEL$0$0
     00A9    _ET0
     00A9    _SSC_PISEL
     00AA    G$EX1$0$0
     00AA    G$SSC_CONL_O$0$0
     00AA    G$SSC_CONL_P$0$0
     00AA    _EX1
     00AA    _SSC_CONL_O
     00AA    _SSC_CONL_P
     00AB    G$ET1$0$0
     00AB    G$SSC_CONH_O$0$0
     00AB    G$SSC_CONH_P$0$0
     00AB    _ET1
     00AB    _SSC_CONH_O
     00AB    _SSC_CONH_P
     00AC    G$ES$0$0
     00AC    G$SSC_TBL$0$0
     00AC    _ES
     00AC    _SSC_TBL
     00AD    G$ET2$0$0
     00AD    G$SSC_RBL$0$0
     00AD    _ET2
     00AD    _SSC_RBL
     00AE    G$SSC_BRL$0$0
     00AE    _SSC_BRL
     00AF    G$EA$0$0
     00AF    G$SSC_BRH$0$0
     00AF    _EA
     00AF    _SSC_BRH
     00B0    G$IRDY$0$0
     00B0    G$MDU_MDUSTAT$0$0
     00B0    G$P3_0$0$0
     00B0    G$P3_ALTSEL0$0$0
     00B0    G$P3_DATA$0$0
     00B0    G$P3_OD$0$0
     00B0    G$P3_PUDSEL$0$0
     00B0    _IRDY
     00B0    _MDU_MDUSTAT
     00B0    _P3_0
     00B0    _P3_ALTSEL0
     00B0    _P3_DATA
     00B0    _P3_OD
     00B0    _P3_PUDSEL
     00B1    G$IERR$0$0
     00B1    G$MDU_MDUCON$0$0
     00B1    G$P3_1$0$0
     00B1    G$P3_ALTSEL1$0$0
     00B1    G$P3_DIR$0$0
     00B1    G$P3_PUDEN$0$0
     00B1    _IERR
     00B1    _MDU_MDUCON
     00B1    _P3_1
     00B1    _P3_ALTSEL1
     00B1    _P3_DIR
     00B1    _P3_PUDEN
     00B2    G$MDU_BSY$0$0
     00B2    G$MDU_MD0$0$0
     00B2    G$MDU_MR0$0$0
     00B2    G$P3_2$0$0
     00B2    G$PORT_PAGE$0$0
     00B2    _MDU_BSY
     00B2    _MDU_MD0
     00B2    _MDU_MR0
     00B2    _P3_2
     00B2    _PORT_PAGE
     00B3    G$ID$0$0
     00B3    G$MDU_MD1$0$0
     00B3    G$MDU_MR1$0$0
     00B3    G$MODPISEL$0$0
     00B3    G$P3_3$0$0
     00B3    G$XADDRH$0$0
     00B3    _ID
     00B3    _MDU_MD1
     00B3    _MDU_MR1
     00B3    _MODPISEL
     00B3    _P3_3
     00B3    _XADDRH
     00B3    __XPAGE
     00B4    G$IRCON0$0$0
     00B4    G$IRCON3$0$0
     00B4    G$MDU_MD2$0$0
     00B4    G$MDU_MR2$0$0
     00B4    G$P3_4$0$0
     00B4    G$PMCON0$0$0
     00B4    _IRCON0
     00B4    _IRCON3
     00B4    _MDU_MD2
     00B4    _MDU_MR2
     00B4    _P3_4
     00B4    _PMCON0
     00B5    G$IRCON1$0$0
     00B5    G$IRCON4$0$0
     00B5    G$MDU_MD3$0$0
     00B5    G$MDU_MR3$0$0
     00B5    G$P3_5$0$0
     00B5    G$PMCON1$0$0
     00B5    _IRCON1
     00B5    _IRCON4
     00B5    _MDU_MD3
     00B5    _MDU_MR3
     00B5    _P3_5
     00B5    _PMCON1
     00B6    G$IRCON2$0$0
     00B6    G$MDU_MD4$0$0
     00B6    G$MDU_MR4$0$0
     00B6    G$OSC_CON$0$0
     00B6    G$P3_6$0$0
     00B6    _IRCON2
     00B6    _MDU_MD4
     00B6    _MDU_MR4
     00B6    _OSC_CON
     00B6    _P3_6
     00B7    G$EXICON0$0$0
     00B7    G$MDU_MD5$0$0
     00B7    G$MDU_MR5$0$0
     00B7    G$MODPISEL1$0$0
     00B7    G$P3_7$0$0
     00B7    G$PLL_CON$0$0
     00B7    _EXICON0
     00B7    _MDU_MD5
     00B7    _MDU_MR5
     00B7    _MODPISEL1
     00B7    _P3_7
     00B7    _PLL_CON
     00B8    G$IP$0$0
     00B8    G$PX0$0$0
     00B8    _IP
     00B8    _PX0
     00B9    G$IPH$0$0
     00B9    G$PT0$0$0
     00B9    _IPH
     00B9    _PT0
     00BA    G$CMCON$0$0
     00BA    G$EXICON1$0$0
     00BA    G$MODPISEL2$0$0
     00BA    G$PX1$0$0
     00BA    _CMCON
     00BA    _EXICON1
     00BA    _MODPISEL2
     00BA    _PX1
     00BB    G$NMICON$0$0
     00BB    G$PASSWD$0$0
     00BB    G$PMCON2$0$0
     00BB    G$PT1$0$0
     00BB    G$WDTCON$0$0
     00BB    _NMICON
     00BB    _PASSWD
     00BB    _PMCON2
     00BB    _PT1
     00BB    _WDTCON
     00BC    G$FEAL$0$0
     00BC    G$NMISR$0$0
     00BC    G$PS$0$0
     00BC    G$WDTREL$0$0
     00BC    _FEAL
     00BC    _NMISR
     00BC    _PS
     00BC    _WDTREL
     00BD    G$BCON$0$0
     00BD    G$FEAH$0$0
     00BD    G$MODSUSP$0$0
     00BD    G$PT2$0$0
     00BD    G$WDTWINB$0$0
     00BD    _BCON
     00BD    _FEAH
     00BD    _MODSUSP
     00BD    _PT2
     00BD    _WDTWINB
     00BE    G$BG$0$0
     00BE    G$COCON$0$0
     00BE    G$WDTL$0$0
     00BE    _BG
     00BE    _COCON
     00BE    _WDTL
     00BF    G$SCU_PAGE$0$0
     00BF    G$WDTH$0$0
     00BF    _SCU_PAGE
     00BF    _WDTH
     00C0    G$CP_RL2$0$0
     00C0    G$T21_T2CON$0$0
     00C0    G$T2_T2CON$0$0
     00C0    _CP_RL2
     00C0    _T21_T2CON
     00C0    _T2_T2CON
     00C1    G$C_T2$0$0
     00C1    G$T21_T2MOD$0$0
     00C1    G$T2_T2MOD$0$0
     00C1    _C_T2
     00C1    _T21_T2MOD
     00C1    _T2_T2MOD
     00C2    G$T21_RC2L$0$0
     00C2    G$T2_RC2L$0$0
     00C2    G$TR2$0$0
     00C2    _T21_RC2L
     00C2    _T2_RC2L
     00C2    _TR2
     00C3    G$EXEN2$0$0
     00C3    G$T21_RC2H$0$0
     00C3    G$T2_RC2H$0$0
     00C3    _EXEN2
     00C3    _T21_RC2H
     00C3    _T2_RC2H
     00C4    G$T21_T2L$0$0
     00C4    G$T2_T2L$0$0
     00C4    _T21_T2L
     00C4    _T2_T2L
     00C5    G$T21_T2H$0$0
     00C5    G$T2_T2H$0$0
     00C5    _T21_T2H
     00C5    _T2_T2H
     00C6    G$EXF2$0$0
     00C6    _EXF2
     00C7    G$TF2$0$0
     00C7    _TF2
     00C8    G$P4_0$0$0
     00C8    G$P4_ALTSEL0$0$0
     00C8    G$P4_DATA$0$0
     00C8    G$P4_OD$0$0
     00C8    G$P4_PUDSEL$0$0
     00C8    G$RI_1$0$0
     00C8    G$UART1_SCON$0$0
     00C8    _P4_0
     00C8    _P4_ALTSEL0
     00C8    _P4_DATA
     00C8    _P4_OD
     00C8    _P4_PUDSEL
     00C8    _RI_1
     00C8    _UART1_SCON
     00C9    G$P4_1$0$0
     00C9    G$P4_ALTSEL1$0$0
     00C9    G$P4_DIR$0$0
     00C9    G$P4_PUDEN$0$0
     00C9    G$TI_1$0$0
     00C9    G$UART1_SBUF$0$0
     00C9    _P4_1
     00C9    _P4_ALTSEL1
     00C9    _P4_DIR
     00C9    _P4_PUDEN
     00C9    _TI_1
     00C9    _UART1_SBUF
     00CA    G$ADC_CHCTR0$0$0
     00CA    G$ADC_CHINFR$0$0
     00CA    G$ADC_CRCR1$0$0
     00CA    G$ADC_GLOBCTR$0$0
     00CA    G$ADC_RCR0$0$0
     00CA    G$ADC_RESR0L$0$0
     00CA    G$ADC_RESRA0L$0$0
     00CA    G$RB8_1$0$0
     00CA    G$UART1_BCON$0$0
     00CA    _ADC_CHCTR0
     00CA    _ADC_CHINFR
     00CA    _ADC_CRCR1
     00CA    _ADC_GLOBCTR
     00CA    _ADC_RCR0
     00CA    _ADC_RESR0L
     00CA    _ADC_RESRA0L
     00CA    _RB8_1
     00CA    _UART1_BCON
     00CB    G$ADC_CHCTR1$0$0
     00CB    G$ADC_CHINCR$0$0
     00CB    G$ADC_CRPR1$0$0
     00CB    G$ADC_GLOBSTR$0$0
     00CB    G$ADC_RCR1$0$0
     00CB    G$ADC_RESR0H$0$0
     00CB    G$ADC_RESRA0H$0$0
     00CB    G$P4_3$0$0
     00CB    G$TB8_1$0$0
     00CB    G$UART1_BG$0$0
     00CB    _ADC_CHCTR1
     00CB    _ADC_CHINCR
     00CB    _ADC_CRPR1
     00CB    _ADC_GLOBSTR
     00CB    _ADC_RCR1
     00CB    _ADC_RESR0H
     00CB    _ADC_RESRA0H
     00CB    _P4_3
     00CB    _TB8_1
     00CB    _UART1_BG
     00CC    G$ADC_CHCTR2$0$0
     00CC    G$ADC_CHINSR$0$0
     00CC    G$ADC_CRMR1$0$0
     00CC    G$ADC_PRAR$0$0
     00CC    G$ADC_RCR2$0$0
     00CC    G$ADC_RESR1L$0$0
     00CC    G$ADC_RESRA1L$0$0
     00CC    G$REN_1$0$0
     00CC    G$UART1_FDCON$0$0
     00CC    _ADC_CHCTR2
     00CC    _ADC_CHINSR
     00CC    _ADC_CRMR1
     00CC    _ADC_PRAR
     00CC    _ADC_RCR2
     00CC    _ADC_RESR1L
     00CC    _ADC_RESRA1L
     00CC    _REN_1
     00CC    _UART1_FDCON
     00CD    G$ADC_CHCTR3$0$0
     00CD    G$ADC_CHINPR$0$0
     00CD    G$ADC_LCBR$0$0
     00CD    G$ADC_QMR0$0$0
     00CD    G$ADC_RCR3$0$0
     00CD    G$ADC_RESR1H$0$0
     00CD    G$ADC_RESRA1H$0$0
     00CD    G$SM2_1$0$0
     00CD    G$UART1_FDSTEP$0$0
     00CD    _ADC_CHCTR3
     00CD    _ADC_CHINPR
     00CD    _ADC_LCBR
     00CD    _ADC_QMR0
     00CD    _ADC_RCR3
     00CD    _ADC_RESR1H
     00CD    _ADC_RESRA1H
     00CD    _SM2_1
     00CD    _UART1_FDSTEP
     00CE    G$ADC_CHCTR4$0$0
     00CE    G$ADC_EVINFR$0$0
     00CE    G$ADC_INPCR0$0$0
     00CE    G$ADC_QSR0$0$0
     00CE    G$ADC_RESR2L$0$0
     00CE    G$ADC_RESRA2L$0$0
     00CE    G$ADC_VFCR$0$0
     00CE    G$SM1_1$0$0
     00CE    G$UART1_FDRES$0$0
     00CE    _ADC_CHCTR4
     00CE    _ADC_EVINFR
     00CE    _ADC_INPCR0
     00CE    _ADC_QSR0
     00CE    _ADC_RESR2L
     00CE    _ADC_RESRA2L
     00CE    _ADC_VFCR
     00CE    _SM1_1
     00CE    _UART1_FDRES
     00CF    G$ADC_CHCTR5$0$0
     00CF    G$ADC_ETRCR$0$0
     00CF    G$ADC_EVINCR$0$0
     00CF    G$ADC_Q0R0$0$0
     00CF    G$ADC_RESR2H$0$0
     00CF    G$ADC_RESRA2H$0$0
     00CF    G$SM0_1$0$0
     00CF    _ADC_CHCTR5
     00CF    _ADC_ETRCR
     00CF    _ADC_EVINCR
     00CF    _ADC_Q0R0
     00CF    _ADC_RESR2H
     00CF    _ADC_RESRA2H
     00CF    _SM0_1
     00D0    G$P$0$0
     00D0    G$PSW$0$0
     00D0    _P
     00D0    _PSW
     00D1    G$ADC_PAGE$0$0
     00D1    G$F1$0$0
     00D1    _ADC_PAGE
     00D1    _F1
     00D2    G$ADC_CHCTR6$0$0
     00D2    G$ADC_EVINSR$0$0
     00D2    G$ADC_QBUR0$0$0
     00D2    G$ADC_QINR0$0$0
     00D2    G$ADC_RESR3L$0$0
     00D2    G$ADC_RESRA3L$0$0
     00D2    G$OV$0$0
     00D2    _ADC_CHCTR6
     00D2    _ADC_EVINSR
     00D2    _ADC_QBUR0
     00D2    _ADC_QINR0
     00D2    _ADC_RESR3L
     00D2    _ADC_RESRA3L
     00D2    _OV
     00D3    G$ADC_CHCTR7$0$0
     00D3    G$ADC_EVINPR$0$0
     00D3    G$ADC_RESR3H$0$0
     00D3    G$ADC_RESRA3H$0$0
     00D3    G$RS0$0$0
     00D3    _ADC_CHCTR7
     00D3    _ADC_EVINPR
     00D3    _ADC_RESR3H
     00D3    _ADC_RESRA3H
     00D3    _RS0
     00D4    G$RS1$0$0
     00D4    _RS1
     00D5    G$F0$0$0
     00D5    _F0
     00D6    G$AC$0$0
     00D6    _AC
     00D7    G$CY$0$0
     00D7    _CY
     00D8    G$CAN_ADCON$0$0
     00D8    _CAN_ADCON
     00D9    G$CAN_ADL$0$0
     00D9    _CAN_ADL
     00DA    G$CAN_ADH$0$0
     00DA    _CAN_ADH
     00DB    G$CAN_DATA0$0$0
     00DB    _CAN_DATA0
     00DC    G$CAN_DATA1$0$0
     00DC    _CAN_DATA1
     00DD    G$CAN_DATA2$0$0
     00DD    _CAN_DATA2
     00DE    G$CAN_DATA3$0$0
     00DE    _CAN_DATA3
     00E0    G$ACC$0$0
     00E0    _ACC
     00E8    G$EADC$0$0
     00E8    G$IEN1$0$0
     00E8    _EADC
     00E8    _IEN1
     00E9    G$ESSC$0$0
     00E9    G$FDCON$0$0
     00E9    G$MISC_CON$0$0
     00E9    G$MMCR2$0$0
     00E9    _ESSC
     00E9    _FDCON
     00E9    _MISC_CON
     00E9    _MMCR2
     00EA    G$EX2$0$0
     00EA    G$FDSTEP$0$0
     00EA    _EX2
     00EA    _FDSTEP
     00EB    G$EXM$0$0
     00EB    G$FDRES$0$0
     00EB    G$MMWR1$0$0
     00EB    _EXM
     00EB    _FDRES
     00EB    _MMWR1
     00EC    G$ECCIP0$0$0
     00EC    G$MMWR2$0$0
     00EC    _ECCIP0
     00EC    _MMWR2
     00ED    G$ECCIP1$0$0
     00ED    _ECCIP1
     00EE    G$ECCIP2$0$0
     00EE    _ECCIP2
     00EF    G$ECCIP3$0$0
     00EF    _ECCIP3
     00F0    G$B$0$0
     00F0    _B
     00F1    G$MMCR$0$0
     00F1    _MMCR
     00F2    G$MMSR$0$0
     00F2    _MMSR
     00F3    G$MMBPCR$0$0
     00F3    _MMBPCR
     00F4    G$MMICR$0$0
     00F4    _MMICR
     00F5    G$MMDR$0$0
     00F5    _B_5
     00F5    _MMDR
     00F6    G$HWBPSR$0$0
     00F6    _B_6
     00F6    _HWBPSR
     00F7    G$HWBPDR$0$0
     00F7    _B_7
     00F7    _HWBPDR
     00F8    G$IP1$0$0
     00F8    G$PADC$0$0
     00F8    _IP1
     00F8    _PADC
     00F9    G$IPH1$0$0
     00F9    G$PSSC$0$0
     00F9    _IPH1
     00F9    _PSSC
     00FA    G$CCU6_CC60RL$0$0
     00FA    G$CCU6_CC60SRL$0$0
     00FA    G$CCU6_T12L$0$0
     00FA    G$CCU6_TCTR2L$0$0
     00FA    G$PX2$0$0
     00FA    _CCU6_CC60RL
     00FA    _CCU6_CC60SRL
     00FA    _CCU6_T12L
     00FA    _CCU6_TCTR2L
     00FA    _PX2
     00FB    G$CCU6_CC60RH$0$0
     00FB    G$CCU6_CC60SRH$0$0
     00FB    G$CCU6_T12H$0$0
     00FB    G$CCU6_TCTR2H$0$0
     00FB    G$PXM$0$0
     00FB    _CCU6_CC60RH
     00FB    _CCU6_CC60SRH
     00FB    _CCU6_T12H
     00FB    _CCU6_TCTR2H
     00FB    _PXM
     00FC    G$CCU6_CC61RL$0$0
     00FC    G$CCU6_CC61SRL$0$0
     00FC    G$CCU6_MODCTRL$0$0
     00FC    G$CCU6_T13L$0$0
     00FC    G$PCCIP0$0$0
     00FC    _CCU6_CC61RL
     00FC    _CCU6_CC61SRL
     00FC    _CCU6_MODCTRL
     00FC    _CCU6_T13L
     00FC    _PCCIP0
     00FD    G$CCU6_CC61RH$0$0
     00FD    G$CCU6_CC61SRH$0$0
     00FD    G$CCU6_MODCTRH$0$0
     00FD    G$CCU6_T13H$0$0
     00FD    G$PCCIP1$0$0
     00FD    _CCU6_CC61RH
     00FD    _CCU6_CC61SRH
     00FD    _CCU6_MODCTRH
     00FD    _CCU6_T13H
     00FD    _PCCIP1
     00FE    G$CCU6_CC62RL$0$0
     00FE    G$CCU6_CC62SRL$0$0
     00FE    G$CCU6_CMPSTATL$0$0
     00FE    G$CCU6_TRPCTRL$0$0
     00FE    G$PCCIP2$0$0
     00FE    _CCU6_CC62RL
     00FE    _CCU6_CC62SRL
     00FE    _CCU6_CMPSTATL
     00FE    _CCU6_TRPCTRL
     00FE    _PCCIP2
     00FF    G$CCU6_CC62RH$0$0
     00FF    G$CCU6_CC62SRH$0$0
     00FF    G$CCU6_CMPSTATH$0$0
     00FF    G$CCU6_TRPCTRH$0$0
     00FF    G$PCCIP3$0$0
     00FF    _CCU6_CC62RH
     00FF    _CCU6_CC62SRH
     00FF    _CCU6_CMPSTATH
     00FF    _CCU6_TRPCTRH
     00FF    _PCCIP3
     9B9A    G$CCU6_CC63RLH$0$0
     9B9A    G$CCU6_CC63SRLH$0$0
     9B9A    _CCU6_CC63RLH
     9B9A    _CCU6_CC63SRLH
     9D9C    G$CCU6_T12PRLH$0$0
     9D9C    _CCU6_T12PRLH
     9F9E    G$CCU6_T13PRLH$0$0
     9F9E    _CCU6_T13PRLH
     C3C2    G$T2_RC2LH$0$0
     C3C2    _T2_RC2LH
     C5C4    G$T2_T2LH$0$0
     C5C4    _T2_T2LH
     CBCA    G$ADC_RESR0LH$0$0
     CBCA    G$ADC_RESRA0LH$0$0
     CBCA    _ADC_RESR0LH
     CBCA    _ADC_RESRA0LH
     CDCC    G$ADC_RESR1LH$0$0
     CDCC    G$ADC_RESRA1LH$0$0
     CDCC    _ADC_RESR1LH
     CDCC    _ADC_RESRA1LH
     CFCE    G$ADC_RESR2LH$0$0
     CFCE    G$ADC_RESRA2LH$0$0
     CFCE    _ADC_RESR2LH
     CFCE    _ADC_RESRA2LH
     D3D2    G$ADC_RESR3LH$0$0
     D3D2    G$ADC_RESRA3LH$0$0
     D3D2    _ADC_RESR3LH
     D3D2    _ADC_RESRA3LH
     F000    s_PSEG
     FBFA    G$CCU6_CC60RLH$0$0
     FBFA    G$CCU6_CC60SRLH$0$0
     FBFA    G$CCU6_T12LH$0$0
     FBFA    _CCU6_CC60RLH
     FBFA    _CCU6_CC60SRLH
     FBFA    _CCU6_T12LH
     FDFC    G$CCU6_CC61RLH$0$0
     FDFC    G$CCU6_CC61SRLH$0$0
     FDFC    G$CCU6_T13LH$0$0
     FDFC    _CCU6_CC61RLH
     FDFC    _CCU6_CC61SRLH
     FDFC    _CCU6_T13LH
     FFFE    G$CCU6_CC62RLH$0$0
     FFFE    G$CCU6_CC62SRLH$0$0
     FFFE    _CCU6_CC62RLH
     FFFE    _CCU6_CC62SRLH







Hexadecimal

Area                               Addr   Size   Decimal Bits  (Attributes)
--------------------------------   ----   ----   ------- ----- ------------
BSEG                               0020   000B =     11. bits  (REL,CON,BIT)

      Value  Global
   --------  --------------------------------
  0B:0000    G$asic_busy$0$0
  0B:0000    _asic_busy
  0B:0001    Lasic_sub_clk110$r$1$1
  0B:0002    Lasic_sub_clk0110$r$1$1
  0B:0003    Lasic_sub_clk010$r$1$1
  0B:0004    Lasic_sub_dat100$r$1$1
  0B:0005    Lasic_sub_datDIR$r$1$1
  0B:0006    Lasic_sub_datADR$r$1$1
  0B:0007    Lasic_sub_datREG$r$1$1
  0B:0008    Lasic_sub_datEXP$r$1$1
  0B:0009    G$current_newValue_flg$0$0
  0B:0009    _current_newValue_flg
  0B:000A    G$current_overflow_flg$0$0
  0B:000A    _current_overflow_flg


Hexadecimal

Area                               Addr   Size   Decimal Bytes (Attributes)
--------------------------------   ----   ----   ------- ----- ------------
DSEG                               0000   0078 =    120. bytes (REL,CON)

      Value  Global
   --------  --------------------------------
     0008    G$asic_direction$0$0
     0008    _asic_direction
     0009    G$asic_register$0$0
     0009    _asic_register
     000A    G$asic_data$0$0
     000A    _asic_data
     000E    G$asic_readdata$0$0
     000E    _asic_readdata
     0012    G$asic_length$0$0
     0012    _asic_length
     0013    G$asic_bitcounter$0$0
     0013    _asic_bitcounter
     0015    G$asic_clkState$0$0
     0015    _asic_clkState
     0016    G$asic_datState$0$0
     0016    _asic_datState
     0017    G$asic_clkcounter$0$0
     0017    _asic_clkcounter
     0018    G$asic_datcounter$0$0
     0018    _asic_datcounter
     0019    G$asic_interruptcounter$0$0
     0019    _asic_interruptcounter
     001A    Lasic_dat$dat$1$1
     001A    _asic_dat_PARM_2
     001B    G$asic_clk_help$0$0
     001B    _asic_clk_help
     001C    G$current_result$0$0
     001C    _current_result
     0023    LCAN_vWriteAMData$ulData$1$1
     0027    LCAN_ulGetCANData$ulData$1$1
     002B    LCAN_vGetMsgObj$pstObj$1$1
     002B    _CAN_vGetMsgObj_PARM_2
     002E    LCAN_vGetMsgObj$ubTemp$1$1
     002F    LCAN_vGetMsgObj$sloc0$1$0
     0032    LCAN_vGetMsgObj$sloc1$1$0
     0033    LCAN_vGetMsgObj$sloc2$1$0
     0036    LCAN_vConfigMsgObj$pstObj$1$1
     0036    _CAN_vConfigMsgObj_PARM_2
     0039    LCAN_vConfigMsgObj$ubTemp$1$1
     003A    LCAN_vConfigMsgObj$sloc0$1$0
     003D    LCAN_vLoadData$ulpubData$1$1
     003D    _CAN_vLoadData_PARM_2
     0040    LCAN_vLoadData$sloc0$1$0
     0043    Luitoa$string$1$1
     0043    _uitoa_PARM_2
     0046    Luitoa$x$1$1
     0046    _uitoa_PARM_3
     0048    Luitoa$sloc0$1$0
     004B    Litoa$string$1$1
     004B    _itoa_PARM_2
     004E    Litoa$x$1$1
     004E    _itoa_PARM_3
     0050    LSHINT_viXINTR5Isr$ubTempVarObjHandler$1$1
     0051    LSHINT_viXINTR5Isr$ulBit_Pos_Mask$1$1
     0055    G$ucount$0$0
     0055    _ucount
     0057    LUART_Transmit$error$1$1
     0062    G$current_sum$0$0
     0062    _current_sum
     0066    G$current_final_result$0$0
     0066    _current_final_result
     006A    G$current_value_counter$0$0
     006A    _current_value_counter
     006C    G$current_error00_counter$0$0
     006C    _current_error00_counter
     006E    G$current_error01_counter$0$0
     006E    _current_error01_counter
     0070    Lcurrent_send_CAN_0x60$cur$1$1

Hexadecimal

Area                               Addr   Size   Decimal Bytes (Attributes)
--------------------------------   ----   ----   ------- ----- ------------
OSEG                               0074   0006 =      6. bytes (REL,OVR)

      Value  Global
   --------  --------------------------------
     0074    __divsint_PARM_2
     0074    __divslong_PARM_2
     0074    __divuint_PARM_2
     0074    __divulong_PARM_2
     0074    __gptrput_PARM_2
     0074    __modsint_PARM_2
     0074    __moduint_PARM_2
     0074    _strcpy_PARM_2
     0077    _strcpy_d_1_1


Hexadecimal

Area                               Addr   Size   Decimal Bytes (Attributes)
--------------------------------   ----   ----   ------- ----- ------------
SSEG                               0080   0080 =    128. bytes (REL,OVR)

      Value  Global
   --------  --------------------------------
     0080    __start__stack



Hexadecimal

Area                               Addr   Size   Decimal Bytes (Attributes)
--------------------------------   ----   ----   ------- ----- ------------
XSEG                               F000   04E8 =   1256. bytes (REL,CON,XDATA)

      Value  Global
   --------  --------------------------------
  0D:F000    G$current_values_500$0$0
  0D:F000    _current_values_500
  0D:F3E8    G$UartBuffer$0$0
  0D:F3E8    _UartBuffer


Hexadecimal

Area                               Addr   Size   Decimal Bytes (Attributes)
--------------------------------   ----   ----   ------- ----- ------------
HOME                               0000   005B =     91. bytes (REL,CON,CODE)

      Value  Global
   --------  --------------------------------
  0C:0000    A$MAIN$1331
  0C:0003    A$MAIN$1332
  0C:000B    A$MAIN$1334
  0C:0013    A$MAIN$1336
  0C:001B    A$MAIN$1338
  0C:0023    A$MAIN$1340
  0C:002B    A$MAIN$1342
  0C:0033    A$MAIN$1344
  0C:003B    A$MAIN$1346
  0C:0043    A$MAIN$1348
  0C:004B    A$MAIN$1350
  0C:0053    A$MAIN$1352
  0C:0056    A$MAIN$1374
  0C:0056    __sdcc_program_startup
  0C:0059    A$MAIN$1376

Hexadecimal

Area                               Addr   Size   Decimal Bytes (Attributes)
--------------------------------   ----   ----   ------- ----- ------------
GSINIT0                            005B   0003 =      3. bytes (REL,CON,CODE)

      Value  Global
   --------  --------------------------------
  0C:005B    __sdcc_gsinit_startup



Hexadecimal

Area                               Addr   Size   Decimal Bytes (Attributes)
--------------------------------   ----   ----   ------- ----- ------------
GSINIT3                            0068   0024 =     36. bytes (REL,CON,CODE)

      Value  Global
   --------  --------------------------------
  0C:0068    __xc800_genXINIT

Hexadecimal

Area                               Addr   Size   Decimal Bytes (Attributes)
--------------------------------   ----   ----   ------- ----- ------------
GSINIT4                            008C   0030 =     48. bytes (REL,CON,CODE)

      Value  Global
   --------  --------------------------------
  0C:008C    A$MemInitxc88x$70
  0C:008C    __xc800_genRAMCLEAR
  0C:008D    A$MemInitxc88x$71
  0C:008F    A$MemInitxc88x$73
  0C:0090    A$MemInitxc88x$74
  0C:0092    A$MemInitxc88x$85
  0C:0092    __xc800_genXRAMCLEAR
  0C:0095    A$MemInitxc88x$86
  0C:0098    A$MemInitxc88x$87
  0C:009B    A$MemInitxc88x$89
  0C:009D    A$MemInitxc88x$90
  0C:009E    A$MemInitxc88x$91
  0C:00A0    A$MemInitxc88x$92
  0C:00A2    A$MemInitxc88x$93
  0C:00A4    A$MemInitxc88x$94
  0C:00A5    A$MemInitxc88x$96
  0C:00A6    A$MemInitxc88x$97
  0C:00A7    A$MemInitxc88x$98
  0C:00A9    A$MemInitxc88x$104
  0C:00AB    A$MemInitxc88x$105
  0C:00AC    A$MemInitxc88x$106
  0C:00AE    A$MemInitxc88x$107
  0C:00B0    A$MemInitxc88x$108
  0C:00B2    A$MemInitxc88x$109
  0C:00B5    A$MemInitxc88x$110
  0C:00B6    A$MemInitxc88x$112
  0C:00B7    A$MemInitxc88x$113
  0C:00B8    A$MemInitxc88x$114
  0C:00BA    A$MemInitxc88x$115


Hexadecimal

Area                               Addr   Size   Decimal Bytes (Attributes)
--------------------------------   ----   ----   ------- ----- ------------
GSINIT                             00BC   0063 =     99. bytes (REL,CON,CODE)

      Value  Global
   --------  --------------------------------
  0C:00BC    A$ASIC_driver$1430
  0C:00BC    C$ASIC_driver.c$12$2$1
  0C:00BF    A$ASIC_driver$1434
  0C:00BF    C$ASIC_driver.c$13$2$1
  0C:00C2    A$ASIC_driver$1438
  0C:00C2    C$ASIC_driver.c$14$2$1
  0C:00C3    A$ASIC_driver$1439
  0C:00C5    A$ASIC_driver$1440
  0C:00C7    A$ASIC_driver$1441
  0C:00C9    A$ASIC_driver$1442
  0C:00CB    A$ASIC_driver$1446
  0C:00CB    C$ASIC_driver.c$15$2$1
  0C:00CC    A$ASIC_driver$1447
  0C:00CE    A$ASIC_driver$1448
  0C:00D0    A$ASIC_driver$1449
  0C:00D2    A$ASIC_driver$1450
  0C:00D4    A$ASIC_driver$1454
  0C:00D4    C$ASIC_driver.c$17$2$1
  0C:00D7    A$ASIC_driver$1458
  0C:00D7    C$ASIC_driver.c$18$2$1
  0C:00D8    A$ASIC_driver$1459
  0C:00DA    A$ASIC_driver$1460
  0C:00DC    A$ASIC_driver$1464
  0C:00DC    C$ASIC_driver.c$20$2$1
  0C:00DF    A$ASIC_driver$1468
  0C:00DF    C$ASIC_driver.c$21$2$1
  0C:00E2    A$ASIC_driver$1472
  0C:00E2    C$ASIC_driver.c$23$2$1
  0C:00E5    A$ASIC_driver$1476
  0C:00E5    C$ASIC_driver.c$24$2$1
  0C:00E8    A$ASIC_driver$1480
  0C:00E8    C$ASIC_driver.c$26$2$1
  0C:00EB    A$ASIC_driver$1484
  0C:00EB    C$ASIC_driver.c$128$2$1
  0C:00EE    A$ASIC_driver$1488
  0C:00EE    C$ASIC_driver.c$28$2$1
  0C:00F0    A$UART$1357
  0C:00F0    C$UART.C$46$1$1
  0C:00F1    A$UART$1358
  0C:00F3    A$UART$1359
  0C:00F5    A$current_controller$1355
  0C:00F5    C$current_controller.c$20$2$1
  0C:00F6    A$current_controller$1356
  0C:00F8    A$current_controller$1357
  0C:00FA    A$current_controller$1358
  0C:00FC    A$current_controller$1359
  0C:00FE    A$current_controller$1363
  0C:00FE    C$current_controller.c$21$2$1
  0C:00FF    A$current_controller$1364
  0C:0101    A$current_controller$1365
  0C:0103    A$current_controller$1366
  0C:0105    A$current_controller$1367
  0C:0107    A$current_controller$1371
  0C:0107    C$current_controller.c$22$2$1
  0C:0108    A$current_controller$1372
  0C:010A    A$current_controller$1373
  0C:010C    A$current_controller$1377
  0C:010C    C$current_controller.c$23$2$1
  0C:010D    A$current_controller$1378
  0C:010F    A$current_controller$1379
  0C:0111    A$current_controller$1383
  0C:0111    C$current_controller.c$24$2$1
  0C:0112    A$current_controller$1384
  0C:0114    A$current_controller$1385
  0C:0116    A$current_management$1344
  0C:0116    C$current_management.c$9$1$1
  0C:0117    A$current_management$1345
  0C:0119    A$current_management$1346
  0C:011B    A$current_management$1350
  0C:011B    C$current_management.c$7$1$1
  0C:011D    A$current_management$1354
  0C:011D    C$current_management.c$8$1$1

Hexadecimal

Area                               Addr   Size   Decimal Bytes (Attributes)
--------------------------------   ----   ----   ------- ----- ------------
GSFINAL                            011F   0003 =      3. bytes (REL,CON,CODE)

      Value  Global
   --------  --------------------------------
  0C:011F    A$MAIN$1367

Hexadecimal

Area                               Addr   Size   Decimal Bytes (Attributes)
--------------------------------   ----   ----   ------- ----- ------------
CSEG                               0122   1CDF =   7391. bytes (REL,CON,CODE)

      Value  Global
   --------  --------------------------------
  0C:0122    A$MAIN$1402
  0C:0122    C$MAIN.C$122$0$0
  0C:0122    C$MAIN.C$138$1$1
  0C:0122    G$MAIN_vInit$0$0
  0C:0122    _MAIN_vInit
  0C:0125    A$MAIN$1405
  0C:0125    C$MAIN.C$140$1$1
  0C:0128    A$MAIN$1408
  0C:0128    C$MAIN.C$142$1$1
  0C:012B    A$MAIN$1411
  0C:012B    C$MAIN.C$151$1$1
  0C:012E    A$MAIN$1414
  0C:012E    C$MAIN.C$154$1$1
  0C:0131    A$MAIN$1417
  0C:0131    C$MAIN.C$160$1$1
  0C:0134    A$MAIN$1420
  0C:0134    C$MAIN.C$163$1$1
  0C:0137    A$MAIN$1423
  0C:0137    C$MAIN.C$166$1$1
  0C:013A    A$MAIN$1426
  0C:013A    C$MAIN.C$169$1$1
  0C:013D    A$MAIN$1429
  0C:013D    C$MAIN.C$172$1$1
  0C:0140    A$MAIN$1432
  0C:0140    C$MAIN.C$175$1$1
  0C:0143    A$MAIN$1435
  0C:0143    C$MAIN.C$179$1$1
  0C:0146    A$MAIN$1438
  0C:0146    C$MAIN.C$180$1$1
  0C:0149    A$MAIN$1441
  0C:0149    C$MAIN.C$181$1$1
  0C:014C    A$MAIN$1444
  0C:014C    C$MAIN.C$182$1$1
  0C:014F    A$MAIN$1447
  0C:014F    C$MAIN.C$191$1$1
  0C:0152    A$MAIN$1450
  0C:0152    C$MAIN.C$197$1$1
  0C:0154    A$MAIN$1453
  0C:0154    C$MAIN.C$199$1$1
  0C:0154    XG$MAIN_vInit$0$0
  0C:0155    A$MAIN$1467
  0C:0155    C$MAIN.C$223$1$1
  0C:0155    C$MAIN.C$229$1$1
  0C:0155    G$main$0$0
  0C:0155    _main
  0C:0158    A$MAIN$1470
  0C:0158    C$MAIN.C$232$1$1
  0C:015B    A$MAIN$1471
  0C:015D    A$MAIN$1474
  0C:015D    C$MAIN.C$233$2$2
  0C:015F    A$MAIN$1480
  0C:015F    C$MAIN.C$243$1$1
  0C:015F    C$MAIN.C$252$1$1
  0C:015F    XG$main$0$0
  0C:0161    A$ASIC_driver$1518
  0C:0161    C$ASIC_driver.c$32$0$0
  0C:0161    G$asic_dir$0$0
  0C:0161    _asic_dir
  0C:0164    A$ASIC_driver$1523
  0C:0164    C$ASIC_driver.c$33$1$1
  0C:0164    C$ASIC_driver.c$34$1$1
  0C:0164    XG$asic_dir$0$0
  0C:0165    A$ASIC_driver$1536
  0C:0165    C$ASIC_driver.c$36$1$1
  0C:0165    G$asic_reg$0$0
  0C:0165    _asic_reg
  0C:0168    A$ASIC_driver$1541
  0C:0168    C$ASIC_driver.c$37$1$1
  0C:0168    C$ASIC_driver.c$38$1$1
  0C:0168    XG$asic_reg$0$0
  0C:0169    A$ASIC_driver$1557
  0C:0169    C$ASIC_driver.c$40$1$1
  0C:0169    C$ASIC_driver.c$41$1$1
  0C:0169    G$asic_dat$0$0
  0C:0169    _asic_dat
  0C:016B    A$ASIC_driver$1558
  0C:016E    A$ASIC_driver$1559
  0C:016F    A$ASIC_driver$1560
  0C:0170    A$ASIC_driver$1561
  0C:0172    A$ASIC_driver$1562
  0C:0174    A$ASIC_driver$1563
  0C:0176    A$ASIC_driver$1564
  0C:0178    A$ASIC_driver$1565
  0C:017A    A$ASIC_driver$1566
  0C:017C    A$ASIC_driver$1567
  0C:017E    A$ASIC_driver$1568
  0C:0180    A$ASIC_driver$1570
  0C:0181    A$ASIC_driver$1571
  0C:0182    A$ASIC_driver$1572
  0C:0183    A$ASIC_driver$1573
  0C:0184    A$ASIC_driver$1574
  0C:0185    A$ASIC_driver$1575
  0C:0186    A$ASIC_driver$1576
  0C:0187    A$ASIC_driver$1577
  0C:0188    A$ASIC_driver$1578
  0C:0189    A$ASIC_driver$1579
  0C:018A    A$ASIC_driver$1580
  0C:018B    A$ASIC_driver$1581
  0C:018C    A$ASIC_driver$1583
  0C:018F    A$ASIC_driver$1584
  0C:0190    A$ASIC_driver$1585
  0C:0191    A$ASIC_driver$1586
  0C:0192    A$ASIC_driver$1587
  0C:0193    A$ASIC_driver$1588
  0C:0194    A$ASIC_driver$1589
  0C:0195    A$ASIC_driver$1590
  0C:0196    A$ASIC_driver$1591
  0C:0197    A$ASIC_driver$1592
  0C:0198    A$ASIC_driver$1593
  0C:0199    A$ASIC_driver$1594
  0C:019A    A$ASIC_driver$1595
  0C:019B    A$ASIC_driver$1596
  0C:019C    A$ASIC_driver$1597
  0C:019E    A$ASIC_driver$1598
  0C:019F    A$ASIC_driver$1599
  0C:01A1    A$ASIC_driver$1600
  0C:01A2    A$ASIC_driver$1601
  0C:01A4    A$ASIC_driver$1602
  0C:01A5    A$ASIC_driver$1603
  0C:01A7    A$ASIC_driver$1606
  0C:01A7    C$ASIC_driver.c$42$1$1
  0C:01A9    A$ASIC_driver$1607
  0C:01AB    A$ASIC_driver$1608
  0C:01AD    A$ASIC_driver$1609
  0C:01AF    A$ASIC_driver$1610
  0C:01B1    A$ASIC_driver$1611
  0C:01B3    A$ASIC_driver$1612
  0C:01B5    A$ASIC_driver$1614
  0C:01B6    A$ASIC_driver$1615
  0C:01B7    A$ASIC_driver$1616
  0C:01B8    A$ASIC_driver$1617
  0C:01B9    A$ASIC_driver$1618
  0C:01BA    A$ASIC_driver$1619
  0C:01BB    A$ASIC_driver$1620
  0C:01BC    A$ASIC_driver$1621
  0C:01BD    A$ASIC_driver$1622
  0C:01BE    A$ASIC_driver$1623
  0C:01BF    A$ASIC_driver$1624
  0C:01C0    A$ASIC_driver$1625
  0C:01C1    A$ASIC_driver$1627
  0C:01C4    A$ASIC_driver$1628
  0C:01C5    A$ASIC_driver$1629
  0C:01C7    A$ASIC_driver$1630
  0C:01C8    A$ASIC_driver$1631
  0C:01CA    A$ASIC_driver$1632
  0C:01CB    A$ASIC_driver$1633
  0C:01CD    A$ASIC_driver$1634
  0C:01CE    A$ASIC_driver$1635
  0C:01D0    A$ASIC_driver$1638
  0C:01D0    C$ASIC_driver.c$43$1$1
  0C:01D0    XG$asic_dat$0$0
  0C:01D1    A$ASIC_driver$1651
  0C:01D1    C$ASIC_driver.c$45$1$1
  0C:01D1    G$asic_datL$0$0
  0C:01D1    _asic_datL
  0C:01D3    A$ASIC_driver$1652
  0C:01D5    A$ASIC_driver$1655
  0C:01D5    C$ASIC_driver.c$46$1$1
  0C:01D8    A$ASIC_driver$1658
  0C:01D8    C$ASIC_driver.c$47$1$1
  0C:01D9    A$ASIC_driver$1659
  0C:01DB    A$ASIC_driver$1660
  0C:01DC    A$ASIC_driver$1661
  0C:01DD    A$ASIC_driver$1662
  0C:01DE    A$ASIC_driver$1663
  0C:01E0    A$ASIC_driver$1664
  0C:01E1    A$ASIC_driver$1665
  0C:01E3    A$ASIC_driver$1666
  0C:01E4    A$ASIC_driver$1667
  0C:01E6    A$ASIC_driver$1668
  0C:01E7    A$ASIC_driver$1669
  0C:01E9    A$ASIC_driver$1672
  0C:01E9    C$ASIC_driver.c$48$1$1
  0C:01E9    XG$asic_datL$0$0
  0C:01EA    A$ASIC_driver$1685
  0C:01EA    C$ASIC_driver.c$50$1$1
  0C:01EA    G$asic_datH$0$0
  0C:01EA    _asic_datH
  0C:01EC    A$ASIC_driver$1686
  0C:01EE    A$ASIC_driver$1689
  0C:01EE    C$ASIC_driver.c$51$1$1
  0C:01F1    A$ASIC_driver$1690
  0C:01F4    A$ASIC_driver$1693
  0C:01F4    C$ASIC_driver.c$52$1$1
  0C:01F6    A$ASIC_driver$1694
  0C:01F8    A$ASIC_driver$1695
  0C:01F9    A$ASIC_driver$1696
  0C:01FA    A$ASIC_driver$1697
  0C:01FC    A$ASIC_driver$1698
  0C:01FD    A$ASIC_driver$1699
  0C:01FF    A$ASIC_driver$1700
  0C:0200    A$ASIC_driver$1701
  0C:0202    A$ASIC_driver$1702
  0C:0203    A$ASIC_driver$1703
  0C:0205    A$ASIC_driver$1706
  0C:0205    C$ASIC_driver.c$53$1$1
  0C:0205    XG$asic_datH$0$0
  0C:0206    A$ASIC_driver$1719
  0C:0206    C$ASIC_driver.c$55$1$1
  0C:0206    G$asic_len$0$0
  0C:0206    _asic_len
  0C:0209    A$ASIC_driver$1724
  0C:0209    C$ASIC_driver.c$56$1$1
  0C:0209    C$ASIC_driver.c$57$1$1
  0C:0209    XG$asic_len$0$0
  0C:020A    A$ASIC_driver$1738
  0C:020A    C$ASIC_driver.c$59$1$1
  0C:020A    C$ASIC_driver.c$60$1$1
  0C:020A    G$asic_startCLK$0$0
  0C:020A    _asic_startCLK
  0C:020D    A$ASIC_driver$1741
  0C:020D    C$ASIC_driver.c$61$1$1
  0C:020D    XG$asic_startCLK$0$0
  0C:020E    A$ASIC_driver$1755
  0C:020E    C$ASIC_driver.c$63$1$1
  0C:020E    C$ASIC_driver.c$64$1$1
  0C:020E    G$asic_stopCLK$0$0
  0C:020E    _asic_stopCLK
  0C:0211    A$ASIC_driver$1758
  0C:0211    C$ASIC_driver.c$65$1$1
  0C:0211    XG$asic_stopCLK$0$0
  0C:0212    A$ASIC_driver$1772
  0C:0212    C$ASIC_driver.c$67$1$1
  0C:0212    C$ASIC_driver.c$68$1$1
  0C:0212    G$asic_isBusy$0$0
  0C:0212    _asic_isBusy
  0C:0214    A$ASIC_driver$1775
  0C:0214    C$ASIC_driver.c$69$1$1
  0C:0214    XG$asic_isBusy$0$0
  0C:0215    A$ASIC_driver$1789
  0C:0215    C$ASIC_driver.c$71$1$1
  0C:0215    C$ASIC_driver.c$72$1$1
  0C:0215    G$asic_getData$0$0
  0C:0215    _asic_getData
  0C:0218    A$ASIC_driver$1790
  0C:021B    A$ASIC_driver$1791
  0C:021E    A$ASIC_driver$1792
  0C:0220    A$ASIC_driver$1795
  0C:0220    C$ASIC_driver.c$73$1$1
  0C:0220    XG$asic_getData$0$0
  0C:0221    A$ASIC_driver$1809
  0C:0221    C$ASIC_driver.c$75$1$1
  0C:0221    C$ASIC_driver.c$76$1$1
  0C:0221    G$asic_getDataL$0$0
  0C:0221    _asic_getDataL
  0C:0224    A$ASIC_driver$1810
  0C:0227    A$ASIC_driver$1813
  0C:0227    C$ASIC_driver.c$77$1$1
  0C:0227    XG$asic_getDataL$0$0
  0C:0228    A$ASIC_driver$1827
  0C:0228    C$ASIC_driver.c$79$1$1
  0C:0228    C$ASIC_driver.c$80$1$1
  0C:0228    G$asic_getDataH$0$0
  0C:0228    _asic_getDataH
  0C:022B    A$ASIC_driver$1828
  0C:022E    A$ASIC_driver$1831
  0C:022E    C$ASIC_driver.c$81$1$1
  0C:022E    XG$asic_getDataH$0$0
  0C:022F    A$ASIC_driver$1845
  0C:022F    C$ASIC_driver.c$83$1$1
  0C:022F    C$ASIC_driver.c$85$1$1
  0C:022F    G$asic_send$0$0
  0C:022F    _asic_send
  0C:0231    A$ASIC_driver$1852
  0C:0231    C$ASIC_driver.c$86$1$1
  0C:0231    C$ASIC_driver.c$87$1$1
  0C:0231    C$ASIC_driver.c$88$1$1
  0C:0232    A$ASIC_driver$1853
  0C:0234    A$ASIC_driver$1854
  0C:0236    A$ASIC_driver$1855
  0C:0238    A$ASIC_driver$1856
  0C:023A    A$ASIC_driver$1859
  0C:023A    C$ASIC_driver.c$89$2$2
  0C:023D    A$ASIC_driver$1860
  0C:0240    A$ASIC_driver$1863
  0C:0240    C$ASIC_driver.c$90$1$1
  0C:0242    A$ASIC_driver$1867
  0C:0242    C$ASIC_driver.c$91$1$1
  0C:0245    A$ASIC_driver$1872
  0C:0245    C$ASIC_driver.c$92$2$3
  0C:0245    C$ASIC_driver.c$93$3$4
  0C:0248    A$ASIC_driver$1873
  0C:024A    A$ASIC_driver$1877
  0C:024A    C$ASIC_driver.c$94$3$4
  0C:024D    A$ASIC_driver$1878
  0C:024F    A$ASIC_driver$1882
  0C:024F    C$ASIC_driver.c$97$1$1
  0C:0251    A$ASIC_driver$1885
  0C:0251    C$ASIC_driver.c$98$1$1
  0C:0251    XG$asic_send$0$0
  0C:0252    A$ASIC_driver$1899
  0C:0252    C$ASIC_driver.c$101$1$1
  0C:0252    C$ASIC_driver.c$102$1$1
  0C:0252    G$asic_sub_clk110$0$0
  0C:0252    _asic_sub_clk110
  0C:0254    A$ASIC_driver$1902
  0C:0254    C$ASIC_driver.c$103$1$1
  0C:0256    A$ASIC_driver$1903
  0C:0259    A$ASIC_driver$1906
  0C:0259    C$ASIC_driver.c$104$2$2
  0C:025B    A$ASIC_driver$1909
  0C:025B    C$ASIC_driver.c$105$2$2
  0C:025E    A$ASIC_driver$1912
  0C:025E    C$ASIC_driver.c$106$2$2
  0C:0261    A$ASIC_driver$1913
  0C:0263    A$ASIC_driver$1917
  0C:0263    C$ASIC_driver.c$108$2$3
  0C:0265    A$ASIC_driver$1921
  0C:0265    C$ASIC_driver.c$110$1$1
  0C:0267    A$ASIC_driver$1924
  0C:0267    C$ASIC_driver.c$111$1$1
  0C:0267    XG$asic_sub_clk110$0$0
  0C:0268    A$ASIC_driver$1938
  0C:0268    C$ASIC_driver.c$113$1$1
  0C:0268    C$ASIC_driver.c$114$1$1
  0C:0268    G$asic_sub_clk0110$0$0
  0C:0268    _asic_sub_clk0110
  0C:026A    A$ASIC_driver$1941
  0C:026A    C$ASIC_driver.c$115$1$1
  0C:026C    A$ASIC_driver$1942
  0C:026E    A$ASIC_driver$1945
  0C:026E    C$ASIC_driver.c$116$2$2
  0C:0270    A$ASIC_driver$1949
  0C:0270    C$ASIC_driver.c$118$1$1
  0C:0272    A$ASIC_driver$1950
  0C:0275    A$ASIC_driver$1953
  0C:0275    C$ASIC_driver.c$119$2$3
  0C:0277    A$ASIC_driver$1956
  0C:0277    C$ASIC_driver.c$120$2$3
  0C:027A    A$ASIC_driver$1959
  0C:027A    C$ASIC_driver.c$121$2$3
  0C:027D    A$ASIC_driver$1960
  0C:027F    A$ASIC_driver$1964
  0C:027F    C$ASIC_driver.c$123$2$4
  0C:0281    A$ASIC_driver$1968
  0C:0281    C$ASIC_driver.c$125$1$1
  0C:0283    A$ASIC_driver$1971
  0C:0283    C$ASIC_driver.c$126$1$1
  0C:0283    XG$asic_sub_clk0110$0$0
  0C:0284    A$ASIC_driver$1985
  0C:0284    C$ASIC_driver.c$130$1$1
  0C:0284    C$ASIC_driver.c$131$1$1
  0C:0284    G$asic_sub_clk010$0$0
  0C:0284    _asic_sub_clk010
  0C:0286    A$ASIC_driver$1988
  0C:0286    C$ASIC_driver.c$132$1$1
  0C:0288    A$ASIC_driver$1989
  0C:028B    A$ASIC_driver$1992
  0C:028B    C$ASIC_driver.c$133$2$2
  0C:028D    A$ASIC_driver$1996
  0C:028D    C$ASIC_driver.c$136$1$1
  0C:028F    A$ASIC_driver$1997
  0C:0292    A$ASIC_driver$2000
  0C:0292    C$ASIC_driver.c$137$2$3
  0C:0295    A$ASIC_driver$2003
  0C:0295    C$ASIC_driver.c$138$2$3
  0C:0297    A$ASIC_driver$2004
  0C:0299    A$ASIC_driver$2005
  0C:029B    A$ASIC_driver$2006
  0C:029C    A$ASIC_driver$2007
  0C:029D    A$ASIC_driver$2008
  0C:029E    A$ASIC_driver$2009
  0C:029F    A$ASIC_driver$2010
  0C:02A0    A$ASIC_driver$2011
  0C:02A2    A$ASIC_driver$2012
  0C:02A4    A$ASIC_driver$2013
  0C:02A5    A$ASIC_driver$2014
  0C:02A8    A$ASIC_driver$2015
  0C:02A9    A$ASIC_driver$2016
  0C:02AC    A$ASIC_driver$2019
  0C:02AC    C$ASIC_driver.c$139$3$4
  0C:02AF    A$ASIC_driver$2022
  0C:02AF    C$ASIC_driver.c$140$3$4
  0C:02B2    A$ASIC_driver$2023
  0C:02B4    A$ASIC_driver$2027
  0C:02B4    C$ASIC_driver.c$142$3$5
  0C:02B6    A$ASIC_driver$2031
  0C:02B6    C$ASIC_driver.c$144$2$3
  0C:02B8    A$ASIC_driver$2032
  0C:02BB    A$ASIC_driver$2035
  0C:02BB    C$ASIC_driver.c$145$3$6
  0C:02BD    A$ASIC_driver$2036
  0C:02BF    A$ASIC_driver$2040
  0C:02BF    C$ASIC_driver.c$148$2$7
  0C:02C1    A$ASIC_driver$2044
  0C:02C1    C$ASIC_driver.c$150$1$1
  0C:02C3    A$ASIC_driver$2047
  0C:02C3    C$ASIC_driver.c$151$1$1
  0C:02C3    XG$asic_sub_clk010$0$0
  0C:02C4    A$ASIC_driver$2061
  0C:02C4    C$ASIC_driver.c$153$1$1
  0C:02C4    C$ASIC_driver.c$154$1$1
  0C:02C4    G$asic_sub_dat100$0$0
  0C:02C4    _asic_sub_dat100
  0C:02C6    A$ASIC_driver$2064
  0C:02C6    C$ASIC_driver.c$155$1$1
  0C:02C8    A$ASIC_driver$2065
  0C:02CA    A$ASIC_driver$2068
  0C:02CA    C$ASIC_driver.c$156$2$2
  0C:02CC    A$ASIC_driver$2072
  0C:02CC    C$ASIC_driver.c$158$1$1
  0C:02CE    A$ASIC_driver$2073
  0C:02D1    A$ASIC_driver$2076
  0C:02D1    C$ASIC_driver.c$159$2$3
  0C:02D4    A$ASIC_driver$2079
  0C:02D4    C$ASIC_driver.c$160$2$3
  0C:02D7    A$ASIC_driver$2080
  0C:02D9    A$ASIC_driver$2084
  0C:02D9    C$ASIC_driver.c$162$2$4
  0C:02DB    A$ASIC_driver$2088
  0C:02DB    C$ASIC_driver.c$164$1$1
  0C:02DD    A$ASIC_driver$2091
  0C:02DD    C$ASIC_driver.c$165$1$1
  0C:02DD    XG$asic_sub_dat100$0$0
  0C:02DE    A$ASIC_driver$2105
  0C:02DE    C$ASIC_driver.c$167$1$1
  0C:02DE    C$ASIC_driver.c$168$1$1
  0C:02DE    G$asic_sub_datDIR$0$0
  0C:02DE    _asic_sub_datDIR
  0C:02E0    A$ASIC_driver$2106
  0C:02E3    A$ASIC_driver$2107
  0C:02E4    A$ASIC_driver$2108
  0C:02E6    A$ASIC_driver$2110
  0C:02E7    A$ASIC_driver$2112
  0C:02E9    A$ASIC_driver$2115
  0C:02E9    C$ASIC_driver.c$170$1$1
  0C:02EB    A$ASIC_driver$2116
  0C:02EE    A$ASIC_driver$2119
  0C:02EE    C$ASIC_driver.c$171$2$2
  0C:02F1    A$ASIC_driver$2122
  0C:02F1    C$ASIC_driver.c$172$2$2
  0C:02F4    A$ASIC_driver$2123
  0C:02F6    A$ASIC_driver$2127
  0C:02F6    C$ASIC_driver.c$174$2$3
  0C:02F8    A$ASIC_driver$2131
  0C:02F8    C$ASIC_driver.c$176$1$1
  0C:02FA    A$ASIC_driver$2134
  0C:02FA    C$ASIC_driver.c$177$1$1
  0C:02FA    XG$asic_sub_datDIR$0$0
  0C:02FB    A$ASIC_driver$2149
  0C:02FB    C$ASIC_driver.c$179$1$1
  0C:02FB    C$ASIC_driver.c$180$1$1
  0C:02FB    G$asic_sub_datADR$0$0
  0C:02FB    _asic_sub_datADR
  0C:02FE    A$ASIC_driver$2150
  0C:0300    A$ASIC_driver$2151
  0C:0301    A$ASIC_driver$2152
  0C:0302    A$ASIC_driver$2153
  0C:0303    A$ASIC_driver$2154
  0C:0305    A$ASIC_driver$2157
  0C:0305    C$ASIC_driver.c$182$1$1
  0C:0307    A$ASIC_driver$2158
  0C:0309    A$ASIC_driver$2159
  0C:030B    A$ASIC_driver$2160
  0C:030D    A$ASIC_driver$2162
  0C:030E    A$ASIC_driver$2163
  0C:030F    A$ASIC_driver$2165
  0C:0312    A$ASIC_driver$2166
  0C:0313    A$ASIC_driver$2167
  0C:0314    A$ASIC_driver$2168
  0C:0316    A$ASIC_driver$2171
  0C:0316    C$ASIC_driver.c$184$1$1
  0C:0318    A$ASIC_driver$2172
  0C:031B    A$ASIC_driver$2175
  0C:031B    C$ASIC_driver.c$185$2$2
  0C:031E    A$ASIC_driver$2178
  0C:031E    C$ASIC_driver.c$186$2$2
  0C:0320    A$ASIC_driver$2179
  0C:0322    A$ASIC_driver$2182
  0C:0322    C$ASIC_driver.c$187$3$3
  0C:0325    A$ASIC_driver$2183
  0C:0327    A$ASIC_driver$2187
  0C:0327    C$ASIC_driver.c$189$3$4
  0C:032A    A$ASIC_driver$2188
  0C:032C    A$ASIC_driver$2192
  0C:032C    C$ASIC_driver.c$192$2$5
  0C:032E    A$ASIC_driver$2196
  0C:032E    C$ASIC_driver.c$194$1$1
  0C:0330    A$ASIC_driver$2199
  0C:0330    C$ASIC_driver.c$195$1$1
  0C:0330    XG$asic_sub_datADR$0$0
  0C:0331    A$ASIC_driver$2214
  0C:0331    C$ASIC_driver.c$197$1$1
  0C:0331    C$ASIC_driver.c$198$1$1
  0C:0331    G$asic_sub_datREG$0$0
  0C:0331    _asic_sub_datREG
  0C:0334    A$ASIC_driver$2215
  0C:0336    A$ASIC_driver$2216
  0C:0337    A$ASIC_driver$2217
  0C:0338    A$ASIC_driver$2218
  0C:0339    A$ASIC_driver$2219
  0C:033B    A$ASIC_driver$2220
  0C:033C    A$ASIC_driver$2221
  0C:033D    A$ASIC_driver$2222
  0C:033E    A$ASIC_driver$2223
  0C:033F    A$ASIC_driver$2224
  0C:0340    A$ASIC_driver$2225
  0C:0341    A$ASIC_driver$2226
  0C:0342    A$ASIC_driver$2227
  0C:0343    A$ASIC_driver$2230
  0C:0343    C$ASIC_driver.c$200$1$1
  0C:0345    A$ASIC_driver$2231
  0C:0347    A$ASIC_driver$2232
  0C:0349    A$ASIC_driver$2233
  0C:034B    A$ASIC_driver$2234
  0C:034D    A$ASIC_driver$2235
  0C:034F    A$ASIC_driver$2236
  0C:0351    A$ASIC_driver$2238
  0C:0352    A$ASIC_driver$2239
  0C:0353    A$ASIC_driver$2240
  0C:0354    A$ASIC_driver$2241
  0C:0355    A$ASIC_driver$2242
  0C:0356    A$ASIC_driver$2243
  0C:0357    A$ASIC_driver$2244
  0C:0358    A$ASIC_driver$2245
  0C:0359    A$ASIC_driver$2246
  0C:035A    A$ASIC_driver$2247
  0C:035B    A$ASIC_driver$2248
  0C:035C    A$ASIC_driver$2249
  0C:035D    A$ASIC_driver$2250
  0C:035E    A$ASIC_driver$2252
  0C:0361    A$ASIC_driver$2253
  0C:0362    A$ASIC_driver$2254
  0C:0363    A$ASIC_driver$2255
  0C:0365    A$ASIC_driver$2258
  0C:0365    C$ASIC_driver.c$202$1$1
  0C:0367    A$ASIC_driver$2259
  0C:036A    A$ASIC_driver$2260
  0C:036B    A$ASIC_driver$2261
  0C:036C    A$ASIC_driver$2262
  0C:036E    A$ASIC_driver$2263
  0C:0370    A$ASIC_driver$2264
  0C:0372    A$ASIC_driver$2265
  0C:0373    A$ASIC_driver$2266
  0C:0376    A$ASIC_driver$2267
  0C:0377    A$ASIC_driver$2268
  0C:037A    A$ASIC_driver$2271
  0C:037A    C$ASIC_driver.c$203$2$2
  0C:037D    A$ASIC_driver$2274
  0C:037D    C$ASIC_driver.c$204$2$2
  0C:037F    A$ASIC_driver$2277
  0C:037F    C$ASIC_driver.c$205$2$2
  0C:0382    A$ASIC_driver$2278
  0C:0384    A$ASIC_driver$2282
  0C:0384    C$ASIC_driver.c$207$2$3
  0C:0386    A$ASIC_driver$2286
  0C:0386    C$ASIC_driver.c$209$1$1
  0C:0388    A$ASIC_driver$2289
  0C:0388    C$ASIC_driver.c$210$1$1
  0C:0388    XG$asic_sub_datREG$0$0
  0C:0389    A$ASIC_driver$2305
  0C:0389    C$ASIC_driver.c$212$1$1
  0C:0389    C$ASIC_driver.c$213$1$1
  0C:0389    G$asic_sub_datREAD$0$0
  0C:0389    _asic_sub_datREAD
  0C:038C    A$ASIC_driver$2306
  0C:038E    A$ASIC_driver$2307
  0C:038F    A$ASIC_driver$2308
  0C:0390    A$ASIC_driver$2309
  0C:0391    A$ASIC_driver$2310
  0C:0393    A$ASIC_driver$2311
  0C:0394    A$ASIC_driver$2312
  0C:0395    A$ASIC_driver$2313
  0C:0396    A$ASIC_driver$2314
  0C:0397    A$ASIC_driver$2315
  0C:0398    A$ASIC_driver$2316
  0C:0399    A$ASIC_driver$2317
  0C:039A    A$ASIC_driver$2318
  0C:039B    A$ASIC_driver$2321
  0C:039B    C$ASIC_driver.c$214$1$1
  0C:039D    A$ASIC_driver$2324
  0C:039D    C$ASIC_driver.c$215$2$2
  0C:039F    A$ASIC_driver$2325
  0C:03A1    A$ASIC_driver$2326
  0C:03A3    A$ASIC_driver$2327
  0C:03A5    A$ASIC_driver$2328
  0C:03A7    A$ASIC_driver$2331
  0C:03A7    C$ASIC_driver.c$216$3$3
  0C:03A9    A$ASIC_driver$2332
  0C:03AB    A$ASIC_driver$2333
  0C:03AC    A$ASIC_driver$2334
  0C:03AF    A$ASIC_driver$2335
  0C:03B2    A$ASIC_driver$2336
  0C:03B5    A$ASIC_driver$2337
  0C:03B8    A$ASIC_driver$2338
  0C:03B9    A$ASIC_driver$2339
  0C:03BB    A$ASIC_driver$2343
  0C:03BB    C$ASIC_driver.c$219$1$1
  0C:03BE    A$ASIC_driver$2344
  0C:03C0    A$ASIC_driver$2345
  0C:03C1    A$ASIC_driver$2346
  0C:03C3    A$ASIC_driver$2347
  0C:03C6    A$ASIC_driver$2348
  0C:03C9    A$ASIC_driver$2351
  0C:03C9    C$ASIC_driver.c$220$2$4
  0C:03CB    A$ASIC_driver$2352
  0C:03CD    A$ASIC_driver$2353
  0C:03CF    A$ASIC_driver$2354
  0C:03D1    A$ASIC_driver$2355
  0C:03D3    A$ASIC_driver$2356
  0C:03D5    A$ASIC_driver$2357
  0C:03D7    A$ASIC_driver$2359
  0C:03D8    A$ASIC_driver$2360
  0C:03D9    A$ASIC_driver$2361
  0C:03DA    A$ASIC_driver$2362
  0C:03DB    A$ASIC_driver$2363
  0C:03DC    A$ASIC_driver$2364
  0C:03DD    A$ASIC_driver$2365
  0C:03DE    A$ASIC_driver$2366
  0C:03DF    A$ASIC_driver$2367
  0C:03E0    A$ASIC_driver$2368
  0C:03E1    A$ASIC_driver$2369
  0C:03E2    A$ASIC_driver$2370
  0C:03E3    A$ASIC_driver$2372
  0C:03E6    A$ASIC_driver$2373
  0C:03E7    A$ASIC_driver$2374
  0C:03E9    A$ASIC_driver$2375
  0C:03EA    A$ASIC_driver$2376
  0C:03EC    A$ASIC_driver$2377
  0C:03ED    A$ASIC_driver$2378
  0C:03EF    A$ASIC_driver$2379
  0C:03F0    A$ASIC_driver$2380
  0C:03F2    A$ASIC_driver$2384
  0C:03F2    C$ASIC_driver.c$223$1$1
  0C:03F4    A$ASIC_driver$2385
  0C:03F7    A$ASIC_driver$2386
  0C:03F8    A$ASIC_driver$2387
  0C:03F9    A$ASIC_driver$2388
  0C:03FB    A$ASIC_driver$2389
  0C:03FD    A$ASIC_driver$2390
  0C:03FF    A$ASIC_driver$2391
  0C:0400    A$ASIC_driver$2392
  0C:0403    A$ASIC_driver$2393
  0C:0404    A$ASIC_driver$2394
  0C:0407    A$ASIC_driver$2397
  0C:0407    C$ASIC_driver.c$224$2$5
  0C:040A    A$ASIC_driver$2400
  0C:040A    C$ASIC_driver.c$225$2$5
  0C:040D    A$ASIC_driver$2401
  0C:040E    A$ASIC_driver$2405
  0C:040E    C$ASIC_driver.c$227$2$6
  0C:0410    A$ASIC_driver$2408
  0C:0410    C$ASIC_driver.c$229$1$1
  0C:0410    XG$asic_sub_datREAD$0$0
  0C:0411    A$ASIC_driver$2423
  0C:0411    C$ASIC_driver.c$231$1$1
  0C:0411    C$ASIC_driver.c$232$1$1
  0C:0411    G$asic_sub_datEXP$0$0
  0C:0411    _asic_sub_datEXP
  0C:0413    A$ASIC_driver$2426
  0C:0413    C$ASIC_driver.c$233$1$1
  0C:0415    A$ASIC_driver$2427
  0C:0417    A$ASIC_driver$2430
  0C:0417    C$ASIC_driver.c$234$2$2
  0C:0419    A$ASIC_driver$2433
  0C:0419    C$ASIC_driver.c$235$3$3
  0C:041B    A$ASIC_driver$2434
  0C:041D    A$ASIC_driver$2435
  0C:041E    A$ASIC_driver$2436
  0C:0421    A$ASIC_driver$2437
  0C:0424    A$ASIC_driver$2438
  0C:0427    A$ASIC_driver$2439
  0C:042A    A$ASIC_driver$2440
  0C:042B    A$ASIC_driver$2441
  0C:042D    A$ASIC_driver$2444
  0C:042D    C$ASIC_driver.c$236$2$2
  0C:042F    A$ASIC_driver$2448
  0C:042F    C$ASIC_driver.c$238$1$1
  0C:0431    A$ASIC_driver$2449
  0C:0434    A$ASIC_driver$2452
  0C:0434    C$ASIC_driver.c$239$2$4
  0C:0437    A$ASIC_driver$2455
  0C:0437    C$ASIC_driver.c$240$2$4
  0C:043A    A$ASIC_driver$2456
  0C:043C    A$ASIC_driver$2460
  0C:043C    C$ASIC_driver.c$242$2$5
  0C:043E    A$ASIC_driver$2464
  0C:043E    C$ASIC_driver.c$244$1$1
  0C:0440    A$ASIC_driver$2467
  0C:0440    C$ASIC_driver.c$245$1$1
  0C:0440    XG$asic_sub_datEXP$0$0
  0C:0441    A$ASIC_driver$2481
  0C:0441    C$ASIC_driver.c$249$1$1
  0C:0441    C$ASIC_driver.c$250$1$1
  0C:0441    G$asic_transmissionInterruptCall$0$0
  0C:0441    _asic_transmissionInterruptCall
  0C:0442    A$ASIC_driver$2482
  0C:0445    A$ASIC_driver$2483
  0C:0447    A$ASIC_driver$2485
  0C:0449    A$ASIC_driver$2486
  0C:044C    A$ASIC_driver$2487
  0C:044E    A$ASIC_driver$2489
  0C:0450    A$ASIC_driver$2492
  0C:0450    C$ASIC_driver.c$251$2$2
  0C:0453    A$ASIC_driver$2493
  0C:0455    A$ASIC_driver$2497
  0C:0455    C$ASIC_driver.c$252$2$2
  0C:0458    A$ASIC_driver$2498
  0C:045A    A$ASIC_driver$2503
  0C:045A    C$ASIC_driver.c$253$2$2
  0C:045A    C$ASIC_driver.c$254$2$2
  0C:045C    A$ASIC_driver$2507
  0C:045C    C$ASIC_driver.c$255$2$2
  0C:045F    A$ASIC_driver$2508
  0C:0461    A$ASIC_driver$2513
  0C:0461    C$ASIC_driver.c$256$2$2
  0C:0461    C$ASIC_driver.c$257$2$2
  0C:0463    A$ASIC_driver$2517
  0C:0463    C$ASIC_driver.c$258$2$2
  0C:0466    A$ASIC_driver$2518
  0C:0468    A$ASIC_driver$2524
  0C:0468    C$ASIC_driver.c$260$1$1
  0C:0468    C$ASIC_driver.c$262$1$1
  0C:046A    A$ASIC_driver$2525
  0C:046C    A$ASIC_driver$2526
  0C:046E    A$ASIC_driver$2527
  0C:0470    A$ASIC_driver$2528
  0C:0472    A$ASIC_driver$2529
  0C:0474    A$ASIC_driver$2530
  0C:0477    A$ASIC_driver$2531
  0C:0478    A$ASIC_driver$2533
  0C:047B    A$ASIC_driver$2534
  0C:047E    A$ASIC_driver$2535
  0C:0481    A$ASIC_driver$2536
  0C:0484    A$ASIC_driver$2537
  0C:0487    A$ASIC_driver$2538
  0C:048A    A$ASIC_driver$2544
  0C:048A    C$ASIC_driver.c$263$2$3
  0C:048A    C$ASIC_driver.c$264$2$3
  0C:048D    A$ASIC_driver$2545
  0C:048F    A$ASIC_driver$2550
  0C:048F    C$ASIC_driver.c$265$2$3
  0C:048F    C$ASIC_driver.c$266$2$3
  0C:0491    A$ASIC_driver$2554
  0C:0491    C$ASIC_driver.c$267$2$3
  0C:0494    A$ASIC_driver$2555
  0C:0496    A$ASIC_driver$2560
  0C:0496    C$ASIC_driver.c$268$2$3
  0C:0496    C$ASIC_driver.c$269$2$3
  0C:0498    A$ASIC_driver$2564
  0C:0498    C$ASIC_driver.c$270$2$3
  0C:049B    A$ASIC_driver$2565
  0C:049D    A$ASIC_driver$2570
  0C:049D    C$ASIC_driver.c$271$2$3
  0C:049D    C$ASIC_driver.c$272$2$3
  0C:049F    A$ASIC_driver$2574
  0C:049F    C$ASIC_driver.c$273$2$3
  0C:04A2    A$ASIC_driver$2575
  0C:04A4    A$ASIC_driver$2580
  0C:04A4    C$ASIC_driver.c$274$2$3
  0C:04A4    C$ASIC_driver.c$275$2$3
  0C:04A6    A$ASIC_driver$2584
  0C:04A6    C$ASIC_driver.c$276$2$3
  0C:04A9    A$ASIC_driver$2589
  0C:04A9    C$ASIC_driver.c$277$2$3
  0C:04A9    C$ASIC_driver.c$278$2$3
  0C:04AB    A$ASIC_driver$2593
  0C:04AB    C$ASIC_driver.c$279$2$3
  0C:04AE    A$ASIC_driver$2594
  0C:04B0    A$ASIC_driver$2600
  0C:04B0    C$ASIC_driver.c$281$1$1
  0C:04B0    C$ASIC_driver.c$283$1$1
  0C:04B2    A$ASIC_driver$2601
  0C:04B5    A$ASIC_driver$2602
  0C:04B7    A$ASIC_driver$2604
  0C:04B9    A$ASIC_driver$2605
  0C:04BC    A$ASIC_driver$2609
  0C:04BC    C$ASIC_driver.c$284$2$4
  0C:04BF    A$ASIC_driver$2612
  0C:04BF    C$ASIC_driver.c$285$2$4
  0C:04C2    A$ASIC_driver$2615
  0C:04C2    C$ASIC_driver.c$286$2$4
  0C:04C4    A$ASIC_driver$2619
  0C:04C4    C$ASIC_driver.c$288$2$1
  0C:04C4    XG$asic_transmissionInterruptCall$0$0
  0C:04C5    A$CAN$1407
  0C:04C5    C$CAN.C$124$0$0
  0C:04C5    C$CAN.C$140$1$1
  0C:04C5    G$CAN_vInit$0$0
  0C:04C5    _CAN_vInit
  0C:04C8    A$CAN$1408
  0C:04CB    A$CAN$1411
  0C:04CB    C$CAN.C$141$1$1
  0C:04CE    A$CAN$1415
  0C:04CE    C$CAN.C$142$1$1
  0C:04D0    A$CAN$1416
  0C:04D3    A$CAN$1419
  0C:04D3    C$CAN.C$144$2$2
  0C:04D6    A$CAN$1420
  0C:04D8    A$CAN$1424
  0C:04D8    C$CAN.C$156$1$1
  0C:04DB    A$CAN$1425
  0C:04DE    A$CAN$1428
  0C:04DE    C$CAN.C$157$1$1
  0C:04E1    A$CAN$1431
  0C:04E1    C$CAN.C$158$1$1
  0C:04E4    A$CAN$1433
  0C:04E6    A$CAN$1434
  0C:04E9    A$CAN$1437
  0C:04E9    C$CAN.C$173$1$1
  0C:04EC    A$CAN$1438
  0C:04EF    A$CAN$1441
  0C:04EF    C$CAN.C$174$1$1
  0C:04F2    A$CAN$1444
  0C:04F2    C$CAN.C$175$1$1
  0C:04F5    A$CAN$1446
  0C:04F7    A$CAN$1447
  0C:04FA    A$CAN$1450
  0C:04FA    C$CAN.C$180$1$1
  0C:04FD    A$CAN$1453
  0C:04FD    C$CAN.C$185$1$1
  0C:0500    A$CAN$1456
  0C:0500    C$CAN.C$186$1$1
  0C:0503    A$CAN$1459
  0C:0503    C$CAN.C$187$1$1
  0C:0506    A$CAN$1461
  0C:0508    A$CAN$1462
  0C:050B    A$CAN$1465
  0C:050B    C$CAN.C$201$1$1
  0C:050E    A$CAN$1468
  0C:050E    C$CAN.C$202$1$1
  0C:0511    A$CAN$1471
  0C:0511    C$CAN.C$203$1$1
  0C:0514    A$CAN$1473
  0C:0516    A$CAN$1474
  0C:0519    A$CAN$1477
  0C:0519    C$CAN.C$221$1$1
  0C:051C    A$CAN$1480
  0C:051C    C$CAN.C$222$1$1
  0C:051F    A$CAN$1483
  0C:051F    C$CAN.C$223$1$1
  0C:0522    A$CAN$1485
  0C:0524    A$CAN$1486
  0C:0527    A$CAN$1489
  0C:0527    C$CAN.C$234$1$1
  0C:052A    A$CAN$1492
  0C:052A    C$CAN.C$235$1$1
  0C:052D    A$CAN$1494
  0C:052F    A$CAN$1495
  0C:0532    A$CAN$1498
  0C:0532    C$CAN.C$248$1$1
  0C:0535    A$CAN$1501
  0C:0535    C$CAN.C$249$1$1
  0C:0538    A$CAN$1504
  0C:0538    C$CAN.C$250$1$1
  0C:053B    A$CAN$1507
  0C:053B    C$CAN.C$251$1$1
  0C:053E    A$CAN$1509
  0C:0540    A$CAN$1510
  0C:0543    A$CAN$1513
  0C:0543    C$CAN.C$261$1$1
  0C:0546    A$CAN$1516
  0C:0546    C$CAN.C$262$1$1
  0C:0549    A$CAN$1519
  0C:0549    C$CAN.C$263$1$1
  0C:054C    A$CAN$1522
  0C:054C    C$CAN.C$265$1$1
  0C:054F    A$CAN$1525
  0C:054F    C$CAN.C$266$1$1
  0C:0552    A$CAN$1528
  0C:0552    C$CAN.C$273$1$1
  0C:0555    A$CAN$1529
  0C:0558    A$CAN$1532
  0C:0558    C$CAN.C$276$1$1
  0C:055B    A$CAN$1533
  0C:055C    A$CAN$1534
  0C:055E    A$CAN$1535
  0C:0560    A$CAN$1536
  0C:0563    A$CAN$1539
  0C:0563    C$CAN.C$277$1$1
  0C:0566    A$CAN$1540
  0C:0569    A$CAN$1541
  0C:056B    A$CAN$1542
  0C:056E    A$CAN$1545
  0C:056E    C$CAN.C$291$1$1
  0C:0571    A$CAN$1546
  0C:0574    A$CAN$1549
  0C:0574    C$CAN.C$293$1$1
  0C:0577    A$CAN$1550
  0C:057A    A$CAN$1551
  0C:057C    A$CAN$1552
  0C:057F    A$CAN$1555
  0C:057F    C$CAN.C$296$1$1
  0C:0582    A$CAN$1558
  0C:0582    C$CAN.C$305$1$1
  0C:0585    A$CAN$1559
  0C:0588    A$CAN$1560
  0C:058A    A$CAN$1561
  0C:058D    A$CAN$1564
  0C:058D    C$CAN.C$308$1$1
  0C:0590    A$CAN$1567
  0C:0590    C$CAN.C$313$1$1
  0C:0593    A$CAN$1568
  0C:0594    A$CAN$1569
  0C:0596    A$CAN$1570
  0C:0599    A$CAN$1573
  0C:0599    C$CAN.C$316$1$1
  0C:059C    A$CAN$1576
  0C:059C    C$CAN.C$320$1$1
  0C:059F    A$CAN$1577
  0C:05A0    A$CAN$1578
  0C:05A2    A$CAN$1579
  0C:05A5    A$CAN$1582
  0C:05A5    C$CAN.C$323$1$1
  0C:05A8    A$CAN$1585
  0C:05A8    C$CAN.C$330$1$1
  0C:05AB    A$CAN$1586
  0C:05AE    A$CAN$1587
  0C:05B0    A$CAN$1588
  0C:05B3    A$CAN$1591
  0C:05B3    C$CAN.C$333$1$1
  0C:05B6    A$CAN$1594
  0C:05B6    C$CAN.C$340$1$1
  0C:05B9    A$CAN$1595
  0C:05BA    A$CAN$1596
  0C:05BC    A$CAN$1597
  0C:05BF    A$CAN$1600
  0C:05BF    C$CAN.C$343$1$1
  0C:05C2    A$CAN$1603
  0C:05C2    C$CAN.C$348$1$1
  0C:05C5    A$CAN$1604
  0C:05C6    A$CAN$1605
  0C:05C8    A$CAN$1606
  0C:05CB    A$CAN$1609
  0C:05CB    C$CAN.C$351$1$1
  0C:05CE    A$CAN$1612
  0C:05CE    C$CAN.C$360$1$1
  0C:05D1    A$CAN$1613
  0C:05D4    A$CAN$1614
  0C:05D6    A$CAN$1615
  0C:05D9    A$CAN$1618
  0C:05D9    C$CAN.C$371$1$1
  0C:05DC    A$CAN$1619
  0C:05DF    A$CAN$1622
  0C:05DF    C$CAN.C$373$1$1
  0C:05E2    A$CAN$1623
  0C:05E5    A$CAN$1624
  0C:05E7    A$CAN$1625
  0C:05EA    A$CAN$1628
  0C:05EA    C$CAN.C$376$1$1
  0C:05ED    A$CAN$1631
  0C:05ED    C$CAN.C$385$1$1
  0C:05F0    A$CAN$1632
  0C:05F3    A$CAN$1633
  0C:05F5    A$CAN$1634
  0C:05F8    A$CAN$1637
  0C:05F8    C$CAN.C$388$1$1
  0C:05FB    A$CAN$1640
  0C:05FB    C$CAN.C$393$1$1
  0C:05FE    A$CAN$1641
  0C:05FF    A$CAN$1642
  0C:0601    A$CAN$1643
  0C:0604    A$CAN$1646
  0C:0604    C$CAN.C$396$1$1
  0C:0607    A$CAN$1649
  0C:0607    C$CAN.C$400$1$1
  0C:060A    A$CAN$1650
  0C:060B    A$CAN$1651
  0C:060D    A$CAN$1652
  0C:0610    A$CAN$1655
  0C:0610    C$CAN.C$403$1$1
  0C:0613    A$CAN$1658
  0C:0613    C$CAN.C$410$1$1
  0C:0616    A$CAN$1659
  0C:0619    A$CAN$1660
  0C:061B    A$CAN$1661
  0C:061E    A$CAN$1664
  0C:061E    C$CAN.C$413$1$1
  0C:0621    A$CAN$1667
  0C:0621    C$CAN.C$420$1$1
  0C:0624    A$CAN$1668
  0C:0625    A$CAN$1669
  0C:0627    A$CAN$1670
  0C:062A    A$CAN$1673
  0C:062A    C$CAN.C$423$1$1
  0C:062D    A$CAN$1676
  0C:062D    C$CAN.C$428$1$1
  0C:0630    A$CAN$1677
  0C:0631    A$CAN$1678
  0C:0633    A$CAN$1679
  0C:0636    A$CAN$1682
  0C:0636    C$CAN.C$431$1$1
  0C:0639    A$CAN$1685
  0C:0639    C$CAN.C$440$1$1
  0C:063C    A$CAN$1686
  0C:063F    A$CAN$1687
  0C:0640    A$CAN$1688
  0C:0643    A$CAN$1691
  0C:0643    C$CAN.C$584$1$1
  0C:0646    A$CAN$1692
  0C:0649    A$CAN$1695
  0C:0649    C$CAN.C$585$1$1
  0C:064C    A$CAN$1697
  0C:064E    A$CAN$1698
  0C:0651    A$CAN$1701
  0C:0651    C$CAN.C$586$1$1
  0C:0654    A$CAN$1704
  0C:0654    C$CAN.C$587$1$1
  0C:0657    A$CAN$1706
  0C:0659    A$CAN$1707
  0C:065C    A$CAN$1710
  0C:065C    C$CAN.C$595$1$1
  0C:065C    XG$CAN_vInit$0$0
  0C:065D    A$CAN$1724
  0C:065D    C$CAN.C$634$1$1
  0C:065D    G$CAN_vWriteAMData$0$0
  0C:065D    _CAN_vWriteAMData
  0C:065F    A$CAN$1725
  0C:0661    A$CAN$1726
  0C:0663    A$CAN$1727
  0C:0664    A$CAN$1730
  0C:0664    C$CAN.C$637$1$1
  0C:0666    A$CAN$1731
  0C:0668    A$CAN$1732
  0C:066A    A$CAN$1733
  0C:066C    A$CAN$1736
  0C:066C    C$CAN.C$639$1$1
  0C:066F    A$CAN$1739
  0C:066F    C$CAN.C$640$1$1
  0C:0672    A$CAN$1742
  0C:0672    C$CAN.C$641$1$1
  0C:0675    A$CAN$1745
  0C:0675    C$CAN.C$642$1$1
  0C:0678    A$CAN$1748
  0C:0678    C$CAN.C$643$1$1
  0C:067B    A$CAN$1750
  0C:067D    A$CAN$1751
  0C:0680    A$CAN$1754
  0C:0680    C$CAN.C$644$1$1
  0C:0680    XG$CAN_vWriteAMData$0$0
  0C:0681    A$CAN$1769
  0C:0681    C$CAN.C$686$1$1
  0C:0681    C$CAN.C$690$1$1
  0C:0681    G$CAN_ulGetCANData$0$0
  0C:0681    _CAN_ulGetCANData
  0C:0684    A$CAN$1771
  0C:0686    A$CAN$1772
  0C:0689    A$CAN$1775
  0C:0689    C$CAN.C$691$1$1
  0C:068C    A$CAN$1778
  0C:068C    C$CAN.C$692$1$1
  0C:068F    A$CAN$1781
  0C:068F    C$CAN.C$693$1$1
  0C:0692    A$CAN$1784
  0C:0692    C$CAN.C$694$1$1
  0C:0695    A$CAN$1787
  0C:0695    C$CAN.C$695$1$1
  0C:0698    A$CAN$1788
  0C:069B    A$CAN$1789
  0C:069E    A$CAN$1790
  0C:06A0    A$CAN$1793
  0C:06A0    C$CAN.C$696$1$1
  0C:06A0    XG$CAN_ulGetCANData$0$0
  0C:06A1    A$CAN$1808
  0C:06A1    C$CAN.C$721$1$1
  0C:06A1    C$CAN.C$723$1$1
  0C:06A1    G$CAN_vSetListCommand$0$0
  0C:06A1    _CAN_vSetListCommand
  0C:06A4    A$CAN$1811
  0C:06A4    C$CAN.C$724$1$1
  0C:06A7    A$CAN$1815
  0C:06A7    C$CAN.C$725$1$1
  0C:06A9    A$CAN$1816
  0C:06AC    A$CAN$1819
  0C:06AC    C$CAN.C$727$2$2
  0C:06AF    A$CAN$1820
  0C:06B1    A$CAN$1824
  0C:06B1    C$CAN.C$729$1$1
  0C:06B1    XG$CAN_vSetListCommand$0$0
  0C:06B2    A$CAN$1842
  0C:06B2    C$CAN.C$759$1$1
  0C:06B2    G$CAN_vGetMsgObj$0$0
  0C:06B2    _CAN_vGetMsgObj
  0C:06B4    A$CAN$1846
  0C:06B4    C$CAN.C$763$1$1
  0C:06B6    A$CAN$1847
  0C:06B9    A$CAN$1848
  0C:06C5    A$CAN$1851
  0C:06C5    C$CAN.C$767$1$1
  0C:06C6    A$CAN$1852
  0C:06C7    A$CAN$1853
  0C:06C8    A$CAN$1854
  0C:06CA    A$CAN$1855
  0C:06CC    A$CAN$1856
  0C:06CF    A$CAN$1857
  0C:06D0    A$CAN$1858
  0C:06D3    A$CAN$1859
  0C:06D4    A$CAN$1860
  0C:06D5    A$CAN$1861
  0C:06D7    A$CAN$1862
  0C:06D9    A$CAN$1863
  0C:06DB    A$CAN$1864
  0C:06DC    A$CAN$1865
  0C:06DD    A$CAN$1866
  0C:06DF    A$CAN$1867
  0C:06E1    A$CAN$1870
  0C:06E1    C$CAN.C$768$1$1
  0C:06E4    A$CAN$1872
  0C:06E6    A$CAN$1873
  0C:06E9    A$CAN$1876
  0C:06E9    C$CAN.C$770$1$1
  0C:06EB    A$CAN$1877
  0C:06ED    A$CAN$1878
  0C:06EF    A$CAN$1879
  0C:06F1    A$CAN$1880
  0C:06F3    A$CAN$1881
  0C:06F5    A$CAN$1882
  0C:06F7    A$CAN$1883
  0C:06FA    A$CAN$1886
  0C:06FA    C$CAN.C$773$1$1
  0C:06FC    A$CAN$1887
  0C:06FE    A$CAN$1888
  0C:0700    A$CAN$1889
  0C:0702    A$CAN$1890
  0C:0703    A$CAN$1891
  0C:0705    A$CAN$1892
  0C:0706    A$CAN$1893
  0C:0707    A$CAN$1894
  0C:0709    A$CAN$1895
  0C:070B    A$CAN$1898
  0C:070B    C$CAN.C$775$1$1
  0C:070E    A$CAN$1900
  0C:0710    A$CAN$1901
  0C:0713    A$CAN$1904
  0C:0713    C$CAN.C$776$1$1
  0C:0715    A$CAN$1905
  0C:0716    A$CAN$1906
  0C:0717    A$CAN$1907
  0C:0718    A$CAN$1908
  0C:0719    A$CAN$1909
  0C:071A    A$CAN$1910
  0C:071C    A$CAN$1911
  0C:071E    A$CAN$1912
  0C:0720    A$CAN$1913
  0C:0722    A$CAN$1914
  0C:0724    A$CAN$1915
  0C:0727    A$CAN$1918
  0C:0727    C$CAN.C$777$1$1
  0C:0729    A$CAN$1919
  0C:072A    A$CAN$1920
  0C:072C    A$CAN$1921
  0C:072D    A$CAN$1922
  0C:072E    A$CAN$1923
  0C:0730    A$CAN$1924
  0C:0732    A$CAN$1925
  0C:0734    A$CAN$1926
  0C:0736    A$CAN$1927
  0C:0737    A$CAN$1928
  0C:0738    A$CAN$1929
  0C:073A    A$CAN$1930
  0C:073B    A$CAN$1931
  0C:073D    A$CAN$1932
  0C:073F    A$CAN$1933
  0C:0741    A$CAN$1934
  0C:0743    A$CAN$1935
  0C:0745    A$CAN$1936
  0C:0748    A$CAN$1939
  0C:0748    C$CAN.C$778$1$1
  0C:074A    A$CAN$1940
  0C:074C    A$CAN$1941
  0C:074D    A$CAN$1942
  0C:074E    A$CAN$1943
  0C:0750    A$CAN$1944
  0C:0751    A$CAN$1945
  0C:0753    A$CAN$1946
  0C:0755    A$CAN$1947
  0C:0757    A$CAN$1948
  0C:0759    A$CAN$1949
  0C:075B    A$CAN$1950
  0C:075E    A$CAN$1953
  0C:075E    C$CAN.C$779$1$1
  0C:0760    A$CAN$1954
  0C:0762    A$CAN$1955
  0C:0763    A$CAN$1956
  0C:0764    A$CAN$1957
  0C:0766    A$CAN$1958
  0C:0767    A$CAN$1959
  0C:0769    A$CAN$1960
  0C:076B    A$CAN$1961
  0C:076D    A$CAN$1962
  0C:076F    A$CAN$1963
  0C:0771    A$CAN$1964
  0C:0774    A$CAN$1967
  0C:0774    C$CAN.C$782$1$1
  0C:0777    A$CAN$1970
  0C:077A    A$CAN$1976
  0C:077A    C$CAN.C$786$1$1
  0C:077C    A$CAN$1977
  0C:077F    A$CAN$1980
  0C:077F    C$CAN.C$787$1$1
  0C:0781    A$CAN$1981
  0C:0782    A$CAN$1982
  0C:0783    A$CAN$1983
  0C:0784    A$CAN$1984
  0C:0785    A$CAN$1985
  0C:0786    A$CAN$1986
  0C:0788    A$CAN$1987
  0C:078A    A$CAN$1988
  0C:078C    A$CAN$1989
  0C:078E    A$CAN$1990
  0C:0790    A$CAN$1991
  0C:0793    A$CAN$1994
  0C:0793    C$CAN.C$788$1$1
  0C:0795    A$CAN$1995
  0C:0796    A$CAN$1996
  0C:0797    A$CAN$1997
  0C:0798    A$CAN$1998
  0C:0799    A$CAN$1999
  0C:079A    A$CAN$2000
  0C:079C    A$CAN$2001
  0C:079E    A$CAN$2002
  0C:07A0    A$CAN$2003
  0C:07A2    A$CAN$2004
  0C:07A4    A$CAN$2005
  0C:07A5    A$CAN$2006
  0C:07A6    A$CAN$2007
  0C:07A7    A$CAN$2008
  0C:07A8    A$CAN$2009
  0C:07A9    A$CAN$2010
  0C:07AB    A$CAN$2011
  0C:07AD    A$CAN$2012
  0C:07AF    A$CAN$2013
  0C:07B1    A$CAN$2014
  0C:07B3    A$CAN$2015
  0C:07B6    A$CAN$2018
  0C:07B6    C$CAN.C$789$1$1
  0C:07B8    A$CAN$2019
  0C:07B9    A$CAN$2020
  0C:07BA    A$CAN$2021
  0C:07BB    A$CAN$2022
  0C:07BC    A$CAN$2023
  0C:07BD    A$CAN$2024
  0C:07BF    A$CAN$2025
  0C:07C1    A$CAN$2026
  0C:07C3    A$CAN$2027
  0C:07C5    A$CAN$2028
  0C:07C7    A$CAN$2029
  0C:07CA    A$CAN$2032
  0C:07CA    C$CAN.C$790$1$1
  0C:07CC    A$CAN$2033
  0C:07CD    A$CAN$2034
  0C:07CE    A$CAN$2035
  0C:07CF    A$CAN$2036
  0C:07D0    A$CAN$2037
  0C:07D1    A$CAN$2038
  0C:07D3    A$CAN$2039
  0C:07D5    A$CAN$2040
  0C:07D7    A$CAN$2041
  0C:07D9    A$CAN$2042
  0C:07DC    A$CAN$2045
  0C:07DC    C$CAN.C$793$1$1
  0C:07DE    A$CAN$2046
  0C:07E0    A$CAN$2047
  0C:07E2    A$CAN$2048
  0C:07E4    A$CAN$2049
  0C:07E5    A$CAN$2050
  0C:07E7    A$CAN$2051
  0C:07E8    A$CAN$2052
  0C:07E9    A$CAN$2053
  0C:07EB    A$CAN$2054
  0C:07ED    A$CAN$2057
  0C:07F0    A$CAN$2060
  0C:07F2    A$CAN$2061
  0C:07F4    A$CAN$2062
  0C:07F6    A$CAN$2066
  0C:07F6    C$CAN.C$794$1$1
  0C:07F8    A$CAN$2067
  0C:07FB    A$CAN$2070
  0C:07FB    C$CAN.C$796$1$1
  0C:07FD    A$CAN$2071
  0C:0800    A$CAN$2074
  0C:0802    A$CAN$2075
  0C:0804    A$CAN$2076
  0C:0806    A$CAN$2077
  0C:0807    A$CAN$2078
  0C:0808    A$CAN$2079
  0C:0809    A$CAN$2080
  0C:080A    A$CAN$2081
  0C:080B    A$CAN$2082
  0C:080D    A$CAN$2083
  0C:080F    A$CAN$2084
  0C:0811    A$CAN$2085
  0C:0813    A$CAN$2086
  0C:0816    A$CAN$2087
  0C:0817    A$CAN$2088
  0C:081A    A$CAN$2089
  0C:081C    A$CAN$2090
  0C:081E    A$CAN$2091
  0C:0820    A$CAN$2092
  0C:0821    A$CAN$2093
  0C:0824    A$CAN$2096
  0C:0826    A$CAN$2097
  0C:0828    A$CAN$2103
  0C:0828    C$CAN.C$798$1$1
  0C:0828    C$CAN.C$804$1$1
  0C:082B    A$CAN$2106
  0C:082B    C$CAN.C$805$1$1
  0C:082E    A$CAN$2108
  0C:0830    A$CAN$2109
  0C:0833    A$CAN$2112
  0C:0833    C$CAN.C$807$1$1
  0C:0835    A$CAN$2113
  0C:0838    A$CAN$2114
  0C:083B    A$CAN$2118
  0C:083B    C$CAN.C$811$1$1
  0C:083D    A$CAN$2119
  0C:083F    A$CAN$2120
  0C:0841    A$CAN$2121
  0C:0842    A$CAN$2122
  0C:0843    A$CAN$2123
  0C:0844    A$CAN$2124
  0C:0845    A$CAN$2125
  0C:0846    A$CAN$2126
  0C:0848    A$CAN$2127
  0C:084A    A$CAN$2128
  0C:084C    A$CAN$2129
  0C:084E    A$CAN$2130
  0C:0850    A$CAN$2131
  0C:0853    A$CAN$2134
  0C:0853    C$CAN.C$812$2$3
  0C:0855    A$CAN$2135
  0C:0856    A$CAN$2136
  0C:0858    A$CAN$2137
  0C:0859    A$CAN$2138
  0C:085A    A$CAN$2139
  0C:085C    A$CAN$2140
  0C:085E    A$CAN$2141
  0C:0860    A$CAN$2142
  0C:0862    A$CAN$2143
  0C:0863    A$CAN$2144
  0C:0864    A$CAN$2145
  0C:0866    A$CAN$2146
  0C:0867    A$CAN$2147
  0C:0869    A$CAN$2148
  0C:086B    A$CAN$2149
  0C:086D    A$CAN$2150
  0C:086F    A$CAN$2151
  0C:0871    A$CAN$2152
  0C:0874    A$CAN$2155
  0C:0874    C$CAN.C$813$2$3
  0C:0876    A$CAN$2156
  0C:0878    A$CAN$2157
  0C:0879    A$CAN$2158
  0C:087A    A$CAN$2159
  0C:087C    A$CAN$2160
  0C:087D    A$CAN$2161
  0C:087F    A$CAN$2162
  0C:0881    A$CAN$2163
  0C:0883    A$CAN$2164
  0C:0885    A$CAN$2165
  0C:0887    A$CAN$2166
  0C:088A    A$CAN$2169
  0C:088A    C$CAN.C$814$2$3
  0C:088C    A$CAN$2170
  0C:088E    A$CAN$2171
  0C:088F    A$CAN$2172
  0C:0890    A$CAN$2173
  0C:0892    A$CAN$2174
  0C:0893    A$CAN$2175
  0C:0895    A$CAN$2176
  0C:0897    A$CAN$2177
  0C:0899    A$CAN$2178
  0C:089A    A$CAN$2179
  0C:089C    A$CAN$2180
  0C:089E    A$CAN$2181
  0C:08A0    A$CAN$2182
  0C:08A3    A$CAN$2185
  0C:08A3    C$CAN.C$817$2$3
  0C:08A6    A$CAN$2188
  0C:08A6    C$CAN.C$820$2$3
  0C:08A9    A$CAN$2191
  0C:08A9    C$CAN.C$823$2$3
  0C:08AC    A$CAN$2194
  0C:08AF    A$CAN$2197
  0C:08B1    A$CAN$2198
  0C:08B3    A$CAN$2202
  0C:08B3    C$CAN.C$825$2$3
  0C:08B5    A$CAN$2203
  0C:08B8    A$CAN$2206
  0C:08B8    C$CAN.C$828$1$1
  0C:08BA    A$CAN$2207
  0C:08BC    A$CAN$2208
  0C:08BE    A$CAN$2209
  0C:08BF    A$CAN$2210
  0C:08C0    A$CAN$2211
  0C:08C1    A$CAN$2212
  0C:08C2    A$CAN$2213
  0C:08C3    A$CAN$2214
  0C:08C5    A$CAN$2215
  0C:08C7    A$CAN$2216
  0C:08C9    A$CAN$2217
  0C:08CB    A$CAN$2218
  0C:08CD    A$CAN$2219
  0C:08D0    A$CAN$2222
  0C:08D0    C$CAN.C$829$2$3
  0C:08D2    A$CAN$2223
  0C:08D3    A$CAN$2224
  0C:08D5    A$CAN$2225
  0C:08D6    A$CAN$2226
  0C:08D7    A$CAN$2227
  0C:08D9    A$CAN$2228
  0C:08DB    A$CAN$2229
  0C:08DD    A$CAN$2230
  0C:08DF    A$CAN$2231
  0C:08E0    A$CAN$2232
  0C:08E1    A$CAN$2233
  0C:08E3    A$CAN$2234
  0C:08E4    A$CAN$2235
  0C:08E6    A$CAN$2236
  0C:08E8    A$CAN$2237
  0C:08EA    A$CAN$2238
  0C:08EC    A$CAN$2239
  0C:08EE    A$CAN$2240
  0C:08F1    A$CAN$2243
  0C:08F1    C$CAN.C$830$2$3
  0C:08F3    A$CAN$2244
  0C:08F5    A$CAN$2245
  0C:08F6    A$CAN$2246
  0C:08F7    A$CAN$2247
  0C:08F9    A$CAN$2248
  0C:08FA    A$CAN$2249
  0C:08FC    A$CAN$2250
  0C:08FE    A$CAN$2251
  0C:0900    A$CAN$2252
  0C:0902    A$CAN$2253
  0C:0904    A$CAN$2254
  0C:0907    A$CAN$2257
  0C:0907    C$CAN.C$831$2$3
  0C:0909    A$CAN$2258
  0C:090B    A$CAN$2259
  0C:090C    A$CAN$2260
  0C:090D    A$CAN$2261
  0C:090F    A$CAN$2262
  0C:0910    A$CAN$2263
  0C:0912    A$CAN$2264
  0C:0914    A$CAN$2265
  0C:0916    A$CAN$2266
  0C:0918    A$CAN$2267
  0C:091A    A$CAN$2268
  0C:091C    A$CAN$2269
  0C:091F    A$CAN$2272
  0C:091F    C$CAN.C$833$2$3
  0C:0921    A$CAN$2273
  0C:0922    A$CAN$2274
  0C:0923    A$CAN$2275
  0C:0924    A$CAN$2276
  0C:0925    A$CAN$2277
  0C:0926    A$CAN$2278
  0C:0928    A$CAN$2279
  0C:092A    A$CAN$2280
  0C:092C    A$CAN$2281
  0C:092E    A$CAN$2282
  0C:0931    A$CAN$2283
  0C:0932    A$CAN$2284
  0C:0935    A$CAN$2285
  0C:0937    A$CAN$2286
  0C:0939    A$CAN$2287
  0C:093B    A$CAN$2288
  0C:093C    A$CAN$2289
  0C:093F    A$CAN$2290
  0C:0941    A$CAN$2291
  0C:0943    A$CAN$2292
  0C:0946    A$CAN$2296
  0C:0946    C$CAN.C$838$1$1
  0C:0948    A$CAN$2297
  0C:094A    A$CAN$2298
  0C:094C    A$CAN$2299
  0C:094D    A$CAN$2300
  0C:094E    A$CAN$2301
  0C:094F    A$CAN$2302
  0C:0950    A$CAN$2303
  0C:0951    A$CAN$2304
  0C:0953    A$CAN$2305
  0C:0955    A$CAN$2306
  0C:0957    A$CAN$2307
  0C:0958    A$CAN$2308
  0C:0959    A$CAN$2309
  0C:095B    A$CAN$2310
  0C:095D    A$CAN$2311
  0C:095F    A$CAN$2312
  0C:0961    A$CAN$2313
  0C:0964    A$CAN$2316
  0C:0964    C$CAN.C$839$2$4
  0C:0966    A$CAN$2317
  0C:0967    A$CAN$2318
  0C:0969    A$CAN$2319
  0C:096A    A$CAN$2320
  0C:096B    A$CAN$2321
  0C:096D    A$CAN$2322
  0C:096F    A$CAN$2323
  0C:0971    A$CAN$2324
  0C:0973    A$CAN$2325
  0C:0975    A$CAN$2326
  0C:0976    A$CAN$2327
  0C:0978    A$CAN$2328
  0C:097A    A$CAN$2329
  0C:097D    A$CAN$2330
  0C:097F    A$CAN$2331
  0C:0981    A$CAN$2332
  0C:0984    A$CAN$2333
  0C:0987    A$CAN$2334
  0C:098A    A$CAN$2335
  0C:098D    A$CAN$2338
  0C:098D    C$CAN.C$840$2$4
  0C:098F    A$CAN$2339
  0C:0991    A$CAN$2340
  0C:0992    A$CAN$2341
  0C:0993    A$CAN$2342
  0C:0995    A$CAN$2343
  0C:0996    A$CAN$2344
  0C:0998    A$CAN$2345
  0C:099A    A$CAN$2346
  0C:099C    A$CAN$2347
  0C:099E    A$CAN$2348
  0C:099F    A$CAN$2349
  0C:09A2    A$CAN$2352
  0C:09A2    C$CAN.C$841$2$4
  0C:09A4    A$CAN$2353
  0C:09A6    A$CAN$2354
  0C:09A7    A$CAN$2355
  0C:09A8    A$CAN$2356
  0C:09AA    A$CAN$2357
  0C:09AB    A$CAN$2358
  0C:09AD    A$CAN$2359
  0C:09AF    A$CAN$2360
  0C:09B1    A$CAN$2361
  0C:09B3    A$CAN$2362
  0C:09B4    A$CAN$2363
  0C:09B7    A$CAN$2366
  0C:09B7    C$CAN.C$844$2$4
  0C:09BA    A$CAN$2367
  0C:09BD    A$CAN$2368
  0C:09C0    A$CAN$2369
  0C:09C3    A$CAN$2370
  0C:09C5    A$CAN$2371
  0C:09C6    A$CAN$2372
  0C:09C7    A$CAN$2373
  0C:09C9    A$CAN$2374
  0C:09CB    A$CAN$2377
  0C:09CB    C$CAN.C$845$2$4
  0C:09CE    A$CAN$2378
  0C:09D1    A$CAN$2379
  0C:09D4    A$CAN$2380
  0C:09D7    A$CAN$2381
  0C:09D8    A$CAN$2382
  0C:09D9    A$CAN$2383
  0C:09DB    A$CAN$2384
  0C:09DE    A$CAN$2385
  0C:09E1    A$CAN$2386
  0C:09E4    A$CAN$2387
  0C:09E7    A$CAN$2390
  0C:09E7    C$CAN.C$846$2$4
  0C:09E9    A$CAN$2391
  0C:09EA    A$CAN$2392
  0C:09EB    A$CAN$2393
  0C:09EC    A$CAN$2394
  0C:09ED    A$CAN$2395
  0C:09EE    A$CAN$2396
  0C:09F0    A$CAN$2397
  0C:09F2    A$CAN$2398
  0C:09F4    A$CAN$2399
  0C:09F6    A$CAN$2400
  0C:09F9    A$CAN$2401
  0C:09FA    A$CAN$2402
  0C:09FC    A$CAN$2403
  0C:09FD    A$CAN$2404
  0C:09FE    A$CAN$2405
  0C:0A00    A$CAN$2406
  0C:0A02    A$CAN$2407
  0C:0A04    A$CAN$2408
  0C:0A07    A$CAN$2411
  0C:0A07    C$CAN.C$849$2$4
  0C:0A0A    A$CAN$2414
  0C:0A0A    C$CAN.C$852$2$4
  0C:0A0D    A$CAN$2417
  0C:0A0D    C$CAN.C$855$2$4
  0C:0A10    A$CAN$2420
  0C:0A13    A$CAN$2423
  0C:0A15    A$CAN$2424
  0C:0A17    A$CAN$2428
  0C:0A17    C$CAN.C$857$2$4
  0C:0A19    A$CAN$2429
  0C:0A1C    A$CAN$2432
  0C:0A1C    C$CAN.C$861$1$1
  0C:0A1E    A$CAN$2433
  0C:0A20    A$CAN$2434
  0C:0A22    A$CAN$2435
  0C:0A23    A$CAN$2436
  0C:0A24    A$CAN$2437
  0C:0A25    A$CAN$2438
  0C:0A26    A$CAN$2439
  0C:0A27    A$CAN$2440
  0C:0A29    A$CAN$2441
  0C:0A2B    A$CAN$2442
  0C:0A2D    A$CAN$2443
  0C:0A2E    A$CAN$2444
  0C:0A2F    A$CAN$2445
  0C:0A31    A$CAN$2446
  0C:0A33    A$CAN$2447
  0C:0A35    A$CAN$2448
  0C:0A37    A$CAN$2449
  0C:0A3A    A$CAN$2452
  0C:0A3A    C$CAN.C$862$2$4
  0C:0A3C    A$CAN$2453
  0C:0A3D    A$CAN$2454
  0C:0A3F    A$CAN$2455
  0C:0A40    A$CAN$2456
  0C:0A41    A$CAN$2457
  0C:0A43    A$CAN$2458
  0C:0A45    A$CAN$2459
  0C:0A47    A$CAN$2460
  0C:0A49    A$CAN$2461
  0C:0A4B    A$CAN$2462
  0C:0A4C    A$CAN$2463
[...]
  0C:178A    C$UART.C$163$1$1
  0C:178D    A$UART$1451
  0C:178D    C$UART.C$164$1$1
  0C:1790    A$UART$1454
  0C:1790    C$UART.C$165$1$1
  0C:1793    A$UART$1457
  0C:1793    C$UART.C$166$1$1
  0C:1796    A$UART$1460
  0C:1796    C$UART.C$169$1$1
  0C:1799    A$UART$1463
  0C:1799    C$UART.C$170$1$1
  0C:179C    A$UART$1466
  0C:179C    C$UART.C$171$1$1
  0C:179F    A$UART$1469
  0C:179F    C$UART.C$180$1$1
  0C:17A2    A$UART$1472
  0C:17A2    C$UART.C$181$1$1
  0C:17A5    A$UART$1475
  0C:17A5    C$UART.C$189$1$1
  0C:17A7    A$UART$1478
  0C:17A7    C$UART.C$191$1$1
  0C:17A7    XG$UART_vInit$0$0
  0C:17A8    A$UART$1490
  0C:17A8    C$UART.C$226$1$1
  0C:17A8    G$UART_viIsr$0$0
  0C:17A8    _UART_viIsr
  0C:17AA    A$UART$1491
  0C:17AC    A$UART$1492
  0C:17AE    A$UART$1493
  0C:17B0    A$UART$1494
  0C:17B2    A$UART$1495
  0C:17B4    A$UART$1496
  0C:17B6    A$UART$1497
  0C:17B8    A$UART$1498
  0C:17BA    A$UART$1499
  0C:17BC    A$UART$1500
  0C:17BE    A$UART$1501
  0C:17C0    A$UART$1502
  0C:17C2    A$UART$1503
  0C:17C4    A$UART$1504
  0C:17C7    A$UART$1507
  0C:17C7    C$UART.C$234$2$2
  0C:17C9    A$UART$1510
  0C:17C9    C$UART.C$235$1$1
  0C:17CC    A$UART$1513
  0C:17CC    C$UART.C$236$1$1
  0C:17CF    A$UART$1518
  0C:17CF    C$UART.C$237$1$1
  0C:17CF    C$UART.C$241$2$3
  0C:17D2    A$UART$1519
  0C:17D4    A$UART$1523
  0C:17D4    C$UART.C$242$2$3
  0C:17D6    A$UART$1524
  0C:17D8    A$UART$1525
  0C:17DA    A$UART$1526
  0C:17DC    A$UART$1527
  0C:17DE    A$UART$1528
  0C:17E0    A$UART$1529
  0C:17E1    A$UART$1530
  0C:17E2    A$UART$1531
  0C:17E4    A$UART$1534
  0C:17E4    C$UART.C$243$3$4
  0C:17E6    A$UART$1535
  0C:17E9    A$UART$1538
  0C:17E9    C$UART.C$244$3$4
  0C:17EB    A$UART$1539
  0C:17EC    A$UART$1540
  0C:17EF    A$UART$1541
  0C:17F1    A$UART$1548
  0C:17F1    C$UART.C$249$1$1
  0C:17F1    C$UART.C$253$2$5
  0C:17F4    A$UART$1549
  0C:17F6    A$UART$1554
  0C:17F6    C$UART.C$262$1$1
  0C:17F9    A$UART$1557
  0C:17F9    C$UART.C$264$2$6
  0C:17FB    A$UART$1558
  0C:17FD    A$UART$1559
  0C:17FF    A$UART$1560
  0C:1801    A$UART$1561
  0C:1803    A$UART$1562
  0C:1805    A$UART$1563
  0C:1807    A$UART$1564
  0C:1809    A$UART$1565
  0C:180B    A$UART$1566
  0C:180D    A$UART$1567
  0C:180F    A$UART$1568
  0C:1811    A$UART$1569
  0C:1813    A$UART$1570
  0C:1815    A$UART$1571
  0C:1817    A$UART$1574
  0C:1817    C$UART.C$266$2$6
  0C:1817    XG$UART_viIsr$0$0
  0C:1818    A$UART$1588
  0C:1818    C$UART.C$287$2$6
  0C:1818    C$UART.C$290$1$1
  0C:1818    G$UART_ubGetData8$0$0
  0C:1818    _UART_ubGetData8
  0C:181A    A$UART$1591
  0C:181A    C$UART.C$293$1$1
  0C:181D    A$UART$1594
  0C:181D    C$UART.C$295$1$1
  0C:181D    XG$UART_ubGetData8$0$0
  0C:181E    A$UART$1607
  0C:181E    C$UART.C$317$1$1
  0C:181E    G$UART_vSendData8$0$0
  0C:181E    _UART_vSendData8
  0C:1820    A$UART$1610
  0C:1820    C$UART.C$320$1$1
  0C:1822    A$UART$1613
  0C:1822    C$UART.C$323$1$1
  0C:1824    A$UART$1616
  0C:1824    C$UART.C$324$1$1
  0C:1824    XG$UART_vSendData8$0$0
  0C:1825    A$current_controller$1416
  0C:1825    C$current_controller.c$36$0$0
  0C:1825    C$current_controller.c$38$1$1
  0C:1825    G$current_evaluation$0$0
  0C:1825    _current_evaluation
  0C:1828    A$current_controller$1417
  0C:182A    A$current_controller$1418
  0C:182D    A$current_controller$1422
  0C:182D    C$current_controller.c$39$2$2
  0C:1830    A$current_controller$1423
  0C:1833    A$current_controller$1426
  0C:1833    C$current_controller.c$40$2$2
  0C:1835    A$current_controller$1427
  0C:1836    A$current_controller$1428
  0C:1839    A$current_controller$1429
  0C:183B    A$current_controller$1433
  0C:183B    C$current_controller.c$41$2$2
  0C:183E    A$current_controller$1434
  0C:1840    A$current_controller$1435
  0C:1842    A$current_controller$1436
  0C:1843    A$current_controller$1437
  0C:1845    A$current_controller$1438
  0C:1846    A$current_controller$1439
  0C:1848    A$current_controller$1440
  0C:184A    A$current_controller$1441
  0C:184D    A$current_controller$1442
  0C:184F    A$current_controller$1443
  0C:1851    A$current_controller$1446
  0C:1851    C$current_controller.c$42$2$2
  0C:1854    A$current_controller$1447
  0C:1856    A$current_controller$1448
  0C:1858    A$current_controller$1449
  0C:1859    A$current_controller$1450
  0C:185A    A$current_controller$1451
  0C:185C    A$current_controller$1452
  0C:185D    A$current_controller$1453
  0C:185F    A$current_controller$1454
  0C:1861    A$current_controller$1455
  0C:1863    A$current_controller$1458
  0C:1863    C$current_controller.c$43$2$2
  0C:1866    A$current_controller$1459
  0C:1868    A$current_controller$1463
  0C:1868    C$current_controller.c$45$3$3
  0C:186A    A$current_controller$1464
  0C:186B    A$current_controller$1465
  0C:186E    A$current_controller$1466
  0C:1870    A$current_controller$1467
  0C:1872    A$current_controller$1471
  0C:1872    C$current_controller.c$48$3$4
  0C:1873    A$current_controller$1472
  0C:1875    A$current_controller$1473
  0C:1877    A$current_controller$1477
  0C:1877    C$current_controller.c$50$2$2
  0C:1879    A$current_controller$1478
  0C:187C    A$current_controller$1479
  0C:187E    A$current_controller$1480
  0C:1881    A$current_controller$1483
  0C:1881    C$current_controller.c$51$2$1
  0C:1884    A$current_controller$1484
  0C:1887    A$current_controller$1485
  0C:188A    A$current_controller$1486
  0C:188D    A$current_controller$1487
  0C:1890    A$current_controller$1488
  0C:1893    A$current_controller$1489
  0C:1896    A$current_controller$1490
  0C:1898    A$current_controller$1491
  0C:189B    A$current_controller$1494
  0C:189B    C$current_controller.c$52$3$5
  0C:189E    A$current_controller$1495
  0C:18A1    A$current_controller$1496
  0C:18A4    A$current_controller$1497
  0C:18A6    A$current_controller$1498
  0C:18A9    A$current_controller$1501
  0C:18A9    C$current_controller.c$53$3$5
  0C:18AC    A$current_controller$1505
  0C:18AC    C$current_controller.c$56$2$2
  0C:18AD    A$current_controller$1506
  0C:18AF    A$current_controller$1507
  0C:18B1    A$current_controller$1508
  0C:18B3    A$current_controller$1512
  0C:18B3    C$current_controller.c$60$2$6
  0C:18B5    A$current_controller$1513
  0C:18B6    A$current_controller$1514
  0C:18B9    A$current_controller$1515
  0C:18BB    A$current_controller$1520
  0C:18BB    C$current_controller.c$64$1$1
  0C:18BD    A$current_controller$1521
  0C:18C0    A$current_controller$1522
  0C:18C1    A$current_controller$1523
  0C:18C4    A$current_controller$1524
  0C:18C6    A$current_controller$1526
  0C:18C8    A$current_controller$1527
  0C:18CB    A$current_controller$1528
  0C:18CC    A$current_controller$1529
  0C:18CF    A$current_controller$1530
  0C:18D1    A$current_controller$1532
  0C:18D2    A$current_controller$1539
  0C:18D2    C$current_controller.c$66$2$7
  0C:18D2    C$current_controller.c$69$2$1
  0C:18D2    XG$current_evaluation$0$0
  0C:18D5    A$current_controller$1552
  0C:18D5    C$current_controller.c$73$2$1
  0C:18D5    G$save_act_current$0$0
  0C:18D5    _save_act_current
  0C:18D7    A$current_controller$1555
  0C:18D7    C$current_controller.c$74$1$1
  0C:18D9    A$current_controller$1556
  0C:18DA    A$current_controller$1557
  0C:18DB    A$current_controller$1558
  0C:18DD    A$current_controller$1559
  0C:18DE    A$current_controller$1560
  0C:18DF    A$current_controller$1561
  0C:18E0    A$current_controller$1562
  0C:18E2    A$current_controller$1563
  0C:18E4    A$current_controller$1564
  0C:18E5    A$current_controller$1565
  0C:18E7    A$current_controller$1566
  0C:18E9    A$current_controller$1567
  0C:18EA    A$current_controller$1568
  0C:18EC    A$current_controller$1569
  0C:18EE    A$current_controller$1570
  0C:18EF    A$current_controller$1571
  0C:18F1    A$current_controller$1572
  0C:18F3    A$current_controller$1575
  0C:18F3    C$current_controller.c$75$1$1
  0C:18F3    XG$save_act_current$0$0
  0C:18F4    A$current_controller$1591
  0C:18F4    C$current_controller.c$79$1$1
  0C:18F4    C$current_controller.c$80$1$1
  0C:18F4    C$current_controller.c$81$1$1
  0C:18F4    G$current_controller_soft_reset$0$0
  0C:18F4    _current_controller_soft_reset
  0C:18F5    A$current_controller$1592
  0C:18F7    A$current_controller$1593
  0C:18F9    A$current_controller$1594
  0C:18FB    A$current_controller$1595
  0C:18FD    A$current_controller$1596
  0C:18FF    A$current_controller$1597
  0C:1901    A$current_controller$1598
  0C:1903    A$current_controller$1599
  0C:1905    A$current_controller$1602
  0C:1905    C$current_controller.c$82$1$1
  0C:1906    A$current_controller$1603
  0C:1908    A$current_controller$1604
  0C:190A    A$current_controller$1607
  0C:190A    C$current_controller.c$83$1$1
  0C:190A    XG$current_controller_soft_reset$0$0
  0C:190B    A$current_controller$1622
  0C:190B    C$current_controller.c$87$1$1
  0C:190B    G$current_send_CAN_0x60$0$0
  0C:190B    _current_send_CAN_0x60
  0C:190D    A$current_controller$1623
  0C:190F    A$current_controller$1626
  0C:190F    C$current_controller.c$88$1$1
  0C:1911    A$current_controller$1627
  0C:1912    A$current_controller$1628
  0C:1914    A$current_controller$1629
  0C:1915    A$current_controller$1630
  0C:1917    A$current_controller$1631
  0C:1919    A$current_controller$1632
  0C:191B    A$current_controller$1637
  0C:191B    C$current_controller.c$89$1$1
  0C:191B    C$current_controller.c$90$1$1
  0C:191E    A$current_controller$1638
  0C:1921    A$current_controller$1639
  0C:1923    A$current_controller$1640
  0C:1925    A$current_controller$1643
  0C:1925    C$current_controller.c$91$2$2
  0C:1928    A$current_controller$1644
  0C:192B    A$current_controller$1645
  0C:192E    A$current_controller$1646
  0C:1931    A$current_controller$1647
  0C:1934    A$current_controller$1650
  0C:1934    C$current_controller.c$92$2$2
  0C:1936    A$current_controller$1653
  0C:1936    C$current_controller.c$93$2$2
  0C:1938    A$current_controller$1656
  0C:1938    C$current_controller.c$94$2$2
  0C:193A    A$current_controller$1660
  0C:193A    C$current_controller.c$102$2$1
  0C:193A    XG$current_send_CAN_0x60$0$0
  0C:193B    A$current_controller$1676
  0C:193B    C$current_controller.c$106$2$1
  0C:193B    C$current_controller.c$108$2$1
  0C:193B    G$current_send_CAN_0x70$0$0
  0C:193B    XG$current_send_CAN_0x70$0$0
  0C:193B    _current_send_CAN_0x70
  0C:193C    A$current_management$1385
  0C:193C    C$current_management.c$11$0$0
  0C:193C    C$current_management.c$12$1$1
  0C:193C    G$current_isOverflow$0$0
  0C:193C    _current_isOverflow
  0C:193E    A$current_management$1388
  0C:193E    C$current_management.c$13$1$1
  0C:193E    XG$current_isOverflow$0$0
  0C:193F    A$current_management$1402
  0C:193F    C$current_management.c$15$1$1
  0C:193F    C$current_management.c$16$1$1
  0C:193F    G$current_isNewValueStored$0$0
  0C:193F    _current_isNewValueStored
  0C:1941    A$current_management$1405
  0C:1941    C$current_management.c$17$1$1
  0C:1941    XG$current_isNewValueStored$0$0
  0C:1942    A$current_management$1419
  0C:1942    C$current_management.c$19$1$1
  0C:1942    C$current_management.c$21$1$1
  0C:1942    G$current_getResult$0$0
  0C:1942    _current_getResult
  0C:1945    A$current_management$1420
  0C:1948    A$current_management$1423
  0C:1948    C$current_management.c$22$1$1
  0C:1948    XG$current_getResult$0$0
  0C:1949    A$current_management$1437
  0C:1949    C$current_management.c$24$1$1
  0C:1949    C$current_management.c$26$1$1
  0C:1949    G$current_init$0$0
  0C:1949    _current_init
  0C:194C    A$current_management$1440
  0C:194C    C$current_management.c$27$1$1
  0C:194F    A$current_management$1441
  0C:1952    A$current_management$1444
  0C:1952    C$current_management.c$28$1$1
  0C:1955    A$current_management$1445
  0C:1958    A$current_management$1448
  0C:1958    C$current_management.c$29$1$1
  0C:195B    A$current_management$1449
  0C:195E    A$current_management$1452
  0C:195E    C$current_management.c$30$1$1
  0C:1961    A$current_management$1453
  0C:1964    A$current_management$1456
  0C:1964    C$current_management.c$31$1$1
  0C:1967    A$current_management$1459
  0C:1967    C$current_management.c$33$1$1
  0C:196A    A$current_management$1460
  0C:196D    A$current_management$1463
  0C:196D    C$current_management.c$34$1$1
  0C:1970    A$current_management$1466
  0C:1970    C$current_management.c$35$1$1
  0C:1973    A$current_management$1467
  0C:1975    A$current_management$1468
  0C:1977    A$current_management$1469
  0C:197A    A$current_management$1470
  0C:197D    A$current_management$1471
  0C:197F    A$current_management$1475
  0C:197F    C$current_management.c$36$2$2
  0C:1980    A$current_management$1476
  0C:1981    A$current_management$1480
  0C:1981    C$current_management.c$39$1$1
  0C:1984    A$current_management$1481
  0C:1987    A$current_management$1484
  0C:1987    C$current_management.c$40$1$1
  0C:198A    A$current_management$1485
  0C:198D    A$current_management$1488
  0C:198D    C$current_management.c$41$1$1
  0C:1990    A$current_management$1489
  0C:1993    A$current_management$1492
  0C:1993    C$current_management.c$42$1$1
  0C:1996    A$current_management$1493
  0C:1999    A$current_management$1496
  0C:1999    C$current_management.c$43$1$1
  0C:199C    A$current_management$1500
  0C:199C    C$current_management.c$44$1$1
  0C:199F    A$current_management$1501
  0C:19A1    A$current_management$1504
  0C:19A1    C$current_management.c$45$1$1
  0C:19A4    A$current_management$1507
  0C:19A4    C$current_management.c$46$1$1
  0C:19A5    A$current_management$1510
  0C:19A5    C$current_management.c$47$1$1
  0C:19A5    XG$current_init$0$0
  0C:19A6    A$current_management$1524
  0C:19A6    C$current_management.c$51$1$1
  0C:19A6    C$current_management.c$54$1$1
  0C:19A6    G$current_resultInterruptCall$0$0
  0C:19A6    _current_resultInterruptCall
  0C:19A9    A$current_management$1525
  0C:19AC    A$current_management$1528
  0C:19AC    C$current_management.c$55$1$1
  0C:19AF    A$current_management$1529
  0C:19B2    A$current_management$1532
  0C:19B2    C$current_management.c$56$1$1
  0C:19B5    A$current_management$1533
  0C:19B8    A$current_management$1536
  0C:19B8    C$current_management.c$57$1$1
  0C:19BB    A$current_management$1539
  0C:19BB    C$current_management.c$59$1$1
  0C:19BE    A$current_management$1540
  0C:19C0    A$current_management$1541
  0C:19C3    A$current_management$1542
  0C:19C5    A$current_management$1543
  0C:19C7    A$current_management$1544
  0C:19C8    A$current_management$1545
  0C:19CA    A$current_management$1546
  0C:19CC    A$current_management$1547
  0C:19CF    A$current_management$1548
  0C:19D1    A$current_management$1549
  0C:19D3    A$current_management$1550
  0C:19D5    A$current_management$1551
  0C:19D6    A$current_management$1552
  0C:19D8    A$current_management$1553
  0C:19DA    A$current_management$1554
  0C:19DC    A$current_management$1555
  0C:19DE    A$current_management$1556
  0C:19E1    A$current_management$1557
  0C:19E4    A$current_management$1558
  0C:19E6    A$current_management$1559
  0C:19E9    A$current_management$1560
  0C:19EB    A$current_management$1561
  0C:19ED    A$current_management$1562
  0C:19EF    A$current_management$1563
  0C:19F0    A$current_management$1564
  0C:19F2    A$current_management$1565
  0C:19F4    A$current_management$1566
  0C:19F6    A$current_management$1567
  0C:19F8    A$current_management$1568
  0C:19FA    A$current_management$1569
  0C:19FC    A$current_management$1570
  0C:19FD    A$current_management$1571
  0C:1A00    A$current_management$1572
  0C:1A03    A$current_management$1573
  0C:1A06    A$current_management$1576
  0C:1A06    C$current_management.c$60$1$1
  0C:1A09    A$current_management$1577
  0C:1A0B    A$current_management$1578
  0C:1A0C    A$current_management$1579
  0C:1A0E    A$current_management$1580
  0C:1A10    A$current_management$1583
  0C:1A10    C$current_management.c$61$1$1
  0C:1A12    A$current_management$1586
  0C:1A12    C$current_management.c$63$1$1
  0C:1A12    XG$current_resultInterruptCall$0$0
  0C:1A13    __divuint
  0C:1A3C    ___fsmul
  0C:1ADF    __divulong
  0C:1B44    _strcpy
  0C:1B84    fsgetargs
  0C:1BB2    fs_normalize_a
  0C:1BDB    __gptrput
  0C:1BF4    __moduint
  0C:1C41    __divslong
  0C:1C93    ___fs2sint
  0C:1CC7    ___uint2fs
  0C:1CD3    fs_round_and_return
  0C:1CEB    fs_zerocheck_return
  0C:1CF4    fs_return_zero
  0C:1CFC    fs_direct_return
  0C:1D0A    fs_return_inf
  0C:1D17    fs_return_nan
  0C:1D22    __gptrget
  0C:1D3E    ___ulong2fs
  0C:1D47    ulong2fs_doit
  0C:1D51    ___fs2slong
  0C:1DAC    fsgetarg
  0C:1DBE    fs_rshift_a



Hexadecimal

Area                               Addr   Size   Decimal Bytes (Attributes)
--------------------------------   ----   ----   ------- ----- ------------
startup_code                       1E01   003E =     62. bytes (REL,CON,CODE)

      Value  Global
   --------  --------------------------------
  0C:1E01    A$startupxc886$49
  0C:1E01    __sdcc_external_startup
  0C:1E04    A$startupxc886$50
  0C:1E07    A$startupxc886$51
  0C:1E0A    A$startupxc886$52
  0C:1E0D    A$startupxc886$53
  0C:1E10    A$startupxc886$55
  0C:1E12    A$startupxc886$58
  0C:1E14    A$startupxc886$59
  0C:1E16    A$startupxc886$62
  0C:1E19    A$startupxc886$64
  0C:1E1B    A$startupxc886$65
  0C:1E1E    A$startupxc886$66
  0C:1E21    A$startupxc886$69
  0C:1E24    A$startupxc886$70
  0C:1E27    A$startupxc886$71
  0C:1E2A    A$startupxc886$72
  0C:1E2D    A$startupxc886$73
  0C:1E30    A$startupxc886$75
  0C:1E33    A$startupxc886$77
  0C:1E35    A$startupxc886$78
  0C:1E38    A$startupxc886$80
  0C:1E3B    A$startupxc886$81
  0C:1E3E    A$startupxc886$86
ASxxxx Linker V01.75 + NoICE + SDCC Feb 1999,  page 1.

Files Linked      [ module(s) ]

./MAIN.rel      
./ASIC_driver.rel
./CAN.rel       
./CC6.rel       
./INT.rel       
./IO.rel        
./ITOA.rel      
./MemInitxc88x.rel
./SHARED_INT.rel
./T01.rel       
./T2.rel        
./T21.rel       
./UART.rel      
./current_controller.rel
./current_management.rel
./startupxc886.rel

Libraries Linked            [   object  file   ]

C:/DAVE-Bench-201\SDCC_XC800\lib\small\libint.lib    [         _divuint ]
C:/DAVE-Bench-201\SDCC_XC800\lib\small\libfloat.lib    [           _fsmul ]
C:/DAVE-Bench-201\SDCC_XC800\lib\small\liblong.lib    [        _divulong ]
C:/DAVE-Bench-201\SDCC_XC800\lib\small\libsdcc.lib    [          _strcpy ]
C:/DAVE-Bench-201\SDCC_XC800\lib\small\libfloat.lib    [      _fsget2args ]
C:/DAVE-Bench-201\SDCC_XC800\lib\small\libfloat.lib    [     _fsnormalize ]
C:/DAVE-Bench-201\SDCC_XC800\lib\small\libsdcc.lib    [         _gptrput ]
C:/DAVE-Bench-201\SDCC_XC800\lib\small\xc800.lib    [         crtxinit ]
C:/DAVE-Bench-201\SDCC_XC800\lib\small\libint.lib    [         _moduint ]
C:/DAVE-Bench-201\SDCC_XC800\lib\small\liblong.lib    [        _divslong ]
C:/DAVE-Bench-201\SDCC_XC800\lib\small\libfloat.lib    [         _fs2sint ]
C:/DAVE-Bench-201\SDCC_XC800\lib\small\libfloat.lib    [         _uint2fs ]
C:/DAVE-Bench-201\SDCC_XC800\lib\small\libfloat.lib    [     _fsreturnval ]
C:/DAVE-Bench-201\SDCC_XC800\lib\small\xc800.lib    [         crtstart ]
C:/DAVE-Bench-201\SDCC_XC800\lib\small\libsdcc.lib    [         _gptrget ]
C:/DAVE-Bench-201\SDCC_XC800\lib\small\libfloat.lib    [        _ulong2fs ]
C:/DAVE-Bench-201\SDCC_XC800\lib\small\libfloat.lib    [        _fs2slong ]
C:/DAVE-Bench-201\SDCC_XC800\lib\small\libfloat.lib    [       _fsget1arg ]
C:/DAVE-Bench-201\SDCC_XC800\lib\small\libfloat.lib    [        _fsrshift ]

ASxxxx Linker V01.75 + NoICE + SDCC Feb 1999,  page 2.

User Base Address Definitions

HOME = 0x0000
XSEG = 0xf000
PSEG = 0xf000
ISEG = 0x0080
SSEG = 0x0080
BSEG=0x20
PSEG=0xF000

